Archive member included to satisfy reference by file (symbol)

c:/st/stm32cubeide_1.3.0/stm32cubeide/plugins/com.st.stm32cube.ide.mcu.externaltools.gnu-tools-for-stm32.7-2018-q2-update.win32_1.5.0.202011040924/tools/bin/../lib/gcc/arm-none-eabi/7.3.1/../../../../arm-none-eabi/lib/thumb/v6-m\libc_nano.a(lib_a-errno.o)
                              Core/Src/syscalls.o (__errno)
c:/st/stm32cubeide_1.3.0/stm32cubeide/plugins/com.st.stm32cube.ide.mcu.externaltools.gnu-tools-for-stm32.7-2018-q2-update.win32_1.5.0.202011040924/tools/bin/../lib/gcc/arm-none-eabi/7.3.1/../../../../arm-none-eabi/lib/thumb/v6-m\libc_nano.a(lib_a-exit.o)
                              c:/st/stm32cubeide_1.3.0/stm32cubeide/plugins/com.st.stm32cube.ide.mcu.externaltools.gnu-tools-for-stm32.7-2018-q2-update.win32_1.5.0.202011040924/tools/bin/../lib/gcc/arm-none-eabi/7.3.1/../../../../arm-none-eabi/lib/thumb/v6-m/crt0.o (exit)
c:/st/stm32cubeide_1.3.0/stm32cubeide/plugins/com.st.stm32cube.ide.mcu.externaltools.gnu-tools-for-stm32.7-2018-q2-update.win32_1.5.0.202011040924/tools/bin/../lib/gcc/arm-none-eabi/7.3.1/../../../../arm-none-eabi/lib/thumb/v6-m\libc_nano.a(lib_a-impure.o)
                              c:/st/stm32cubeide_1.3.0/stm32cubeide/plugins/com.st.stm32cube.ide.mcu.externaltools.gnu-tools-for-stm32.7-2018-q2-update.win32_1.5.0.202011040924/tools/bin/../lib/gcc/arm-none-eabi/7.3.1/../../../../arm-none-eabi/lib/thumb/v6-m\libc_nano.a(lib_a-exit.o) (_global_impure_ptr)
c:/st/stm32cubeide_1.3.0/stm32cubeide/plugins/com.st.stm32cube.ide.mcu.externaltools.gnu-tools-for-stm32.7-2018-q2-update.win32_1.5.0.202011040924/tools/bin/../lib/gcc/arm-none-eabi/7.3.1/../../../../arm-none-eabi/lib/thumb/v6-m\libc_nano.a(lib_a-init.o)
                              c:/st/stm32cubeide_1.3.0/stm32cubeide/plugins/com.st.stm32cube.ide.mcu.externaltools.gnu-tools-for-stm32.7-2018-q2-update.win32_1.5.0.202011040924/tools/bin/../lib/gcc/arm-none-eabi/7.3.1/../../../../arm-none-eabi/lib/thumb/v6-m/crt0.o (__libc_init_array)
c:/st/stm32cubeide_1.3.0/stm32cubeide/plugins/com.st.stm32cube.ide.mcu.externaltools.gnu-tools-for-stm32.7-2018-q2-update.win32_1.5.0.202011040924/tools/bin/../lib/gcc/arm-none-eabi/7.3.1/../../../../arm-none-eabi/lib/thumb/v6-m\libc_nano.a(lib_a-memcpy-stub.o)
                              Middlewares/Third_Party/FreeRTOS/Source/CMSIS_RTOS_V2/cmsis_os2.o (memcpy)
c:/st/stm32cubeide_1.3.0/stm32cubeide/plugins/com.st.stm32cube.ide.mcu.externaltools.gnu-tools-for-stm32.7-2018-q2-update.win32_1.5.0.202011040924/tools/bin/../lib/gcc/arm-none-eabi/7.3.1/../../../../arm-none-eabi/lib/thumb/v6-m\libc_nano.a(lib_a-memset.o)
                              c:/st/stm32cubeide_1.3.0/stm32cubeide/plugins/com.st.stm32cube.ide.mcu.externaltools.gnu-tools-for-stm32.7-2018-q2-update.win32_1.5.0.202011040924/tools/bin/../lib/gcc/arm-none-eabi/7.3.1/../../../../arm-none-eabi/lib/thumb/v6-m/crt0.o (memset)
c:/st/stm32cubeide_1.3.0/stm32cubeide/plugins/com.st.stm32cube.ide.mcu.externaltools.gnu-tools-for-stm32.7-2018-q2-update.win32_1.5.0.202011040924/tools/bin/../lib/gcc/arm-none-eabi/7.3.1/thumb/v6-m\libgcc.a(_udivsi3.o)
                              Core/Src/stm32f0xx_hal_timebase_tim.o (__aeabi_uidiv)
c:/st/stm32cubeide_1.3.0/stm32cubeide/plugins/com.st.stm32cube.ide.mcu.externaltools.gnu-tools-for-stm32.7-2018-q2-update.win32_1.5.0.202011040924/tools/bin/../lib/gcc/arm-none-eabi/7.3.1/thumb/v6-m\libgcc.a(_dvmd_tls.o)
                              c:/st/stm32cubeide_1.3.0/stm32cubeide/plugins/com.st.stm32cube.ide.mcu.externaltools.gnu-tools-for-stm32.7-2018-q2-update.win32_1.5.0.202011040924/tools/bin/../lib/gcc/arm-none-eabi/7.3.1/thumb/v6-m\libgcc.a(_udivsi3.o) (__aeabi_idiv0)
c:/st/stm32cubeide_1.3.0/stm32cubeide/plugins/com.st.stm32cube.ide.mcu.externaltools.gnu-tools-for-stm32.7-2018-q2-update.win32_1.5.0.202011040924/tools/bin/../lib/gcc/arm-none-eabi/7.3.1/thumb/v6-m\libgcc.a(_arm_cmpdf2.o)
                              Libraries/ltto-ir/LTTO_IR_RX.o (__aeabi_dcmplt)
c:/st/stm32cubeide_1.3.0/stm32cubeide/plugins/com.st.stm32cube.ide.mcu.externaltools.gnu-tools-for-stm32.7-2018-q2-update.win32_1.5.0.202011040924/tools/bin/../lib/gcc/arm-none-eabi/7.3.1/thumb/v6-m\libgcc.a(eqdf2.o)
                              c:/st/stm32cubeide_1.3.0/stm32cubeide/plugins/com.st.stm32cube.ide.mcu.externaltools.gnu-tools-for-stm32.7-2018-q2-update.win32_1.5.0.202011040924/tools/bin/../lib/gcc/arm-none-eabi/7.3.1/thumb/v6-m\libgcc.a(_arm_cmpdf2.o) (__eqdf2)
c:/st/stm32cubeide_1.3.0/stm32cubeide/plugins/com.st.stm32cube.ide.mcu.externaltools.gnu-tools-for-stm32.7-2018-q2-update.win32_1.5.0.202011040924/tools/bin/../lib/gcc/arm-none-eabi/7.3.1/thumb/v6-m\libgcc.a(gedf2.o)
                              c:/st/stm32cubeide_1.3.0/stm32cubeide/plugins/com.st.stm32cube.ide.mcu.externaltools.gnu-tools-for-stm32.7-2018-q2-update.win32_1.5.0.202011040924/tools/bin/../lib/gcc/arm-none-eabi/7.3.1/thumb/v6-m\libgcc.a(_arm_cmpdf2.o) (__gedf2)
[...]
Memory Configuration

Name             Origin             Length             Attributes
RAM              0x0000000020000000 0x0000000000004000 xrw
FLASH            0x0000000008000000 0x0000000000020000 xr
*default*        0x0000000000000000 0xffffffffffffffff

Linker script and memory map

LOAD c:/st/stm32cubeide_1.3.0/stm32cubeide/plugins/com.st.stm32cube.ide.mcu.externaltools.gnu-tools-for-stm32.7-2018-q2-update.win32_1.5.0.202011040924/tools/bin/../lib/gcc/arm-none-eabi/7.3.1/thumb/v6-m/crti.o
LOAD c:/st/stm32cubeide_1.3.0/stm32cubeide/plugins/com.st.stm32cube.ide.mcu.externaltools.gnu-tools-for-stm32.7-2018-q2-update.win32_1.5.0.202011040924/tools/bin/../lib/gcc/arm-none-eabi/7.3.1/thumb/v6-m/crtbegin.o
LOAD c:/st/stm32cubeide_1.3.0/stm32cubeide/plugins/com.st.stm32cube.ide.mcu.externaltools.gnu-tools-for-stm32.7-2018-q2-update.win32_1.5.0.202011040924/tools/bin/../lib/gcc/arm-none-eabi/7.3.1/../../../../arm-none-eabi/lib/thumb/v6-m/crt0.o
LOAD Core/Src/freertos.o
LOAD Core/Src/main.o
LOAD Core/Src/stm32f0xx_hal_msp.o
LOAD Core/Src/stm32f0xx_hal_timebase_tim.o
LOAD Core/Src/stm32f0xx_it.o
LOAD Core/Src/syscalls.o
LOAD Core/Src/sysmem.o
LOAD Core/Src/system_stm32f0xx.o
LOAD Core/Startup/startup_stm32f070cbtx.o
LOAD Drivers/STM32F0xx_HAL_Driver/Src/stm32f0xx_hal.o
LOAD Drivers/STM32F0xx_HAL_Driver/Src/stm32f0xx_hal_cortex.o
LOAD Drivers/STM32F0xx_HAL_Driver/Src/stm32f0xx_hal_dma.o
LOAD Drivers/STM32F0xx_HAL_Driver/Src/stm32f0xx_hal_exti.o
LOAD Drivers/STM32F0xx_HAL_Driver/Src/stm32f0xx_hal_flash.o
LOAD Drivers/STM32F0xx_HAL_Driver/Src/stm32f0xx_hal_flash_ex.o
LOAD Drivers/STM32F0xx_HAL_Driver/Src/stm32f0xx_hal_gpio.o
LOAD Drivers/STM32F0xx_HAL_Driver/Src/stm32f0xx_hal_i2c.o
LOAD Drivers/STM32F0xx_HAL_Driver/Src/stm32f0xx_hal_i2c_ex.o
LOAD Drivers/STM32F0xx_HAL_Driver/Src/stm32f0xx_hal_pwr.o
LOAD Drivers/STM32F0xx_HAL_Driver/Src/stm32f0xx_hal_pwr_ex.o
LOAD Drivers/STM32F0xx_HAL_Driver/Src/stm32f0xx_hal_rcc.o
LOAD Drivers/STM32F0xx_HAL_Driver/Src/stm32f0xx_hal_rcc_ex.o
LOAD Drivers/STM32F0xx_HAL_Driver/Src/stm32f0xx_hal_tim.o
LOAD Drivers/STM32F0xx_HAL_Driver/Src/stm32f0xx_hal_tim_ex.o
LOAD Libraries/ltto-ir/LTTO_IR_Conversions.o
LOAD Libraries/ltto-ir/LTTO_IR_RX.o
LOAD Libraries/ltto-ir/LTTO_IR_RX_AutoConvert.o
LOAD Libraries/ltto-ir/LTTO_IR_TX.o
LOAD Middlewares/Third_Party/FreeRTOS/Source/CMSIS_RTOS_V2/cmsis_os2.o
LOAD Middlewares/Third_Party/FreeRTOS/Source/croutine.o
LOAD Middlewares/Third_Party/FreeRTOS/Source/event_groups.o
LOAD Middlewares/Third_Party/FreeRTOS/Source/list.o
LOAD Middlewares/Third_Party/FreeRTOS/Source/queue.o
LOAD Middlewares/Third_Party/FreeRTOS/Source/stream_buffer.o
LOAD Middlewares/Third_Party/FreeRTOS/Source/tasks.o
LOAD Middlewares/Third_Party/FreeRTOS/Source/timers.o
LOAD Middlewares/Third_Party/FreeRTOS/Source/portable/GCC/ARM_CM0/port.o
LOAD Middlewares/Third_Party/FreeRTOS/Source/portable/MemMang/heap_4.o
START GROUP
LOAD c:/st/stm32cubeide_1.3.0/stm32cubeide/plugins/com.st.stm32cube.ide.mcu.externaltools.gnu-tools-for-stm32.7-2018-q2-update.win32_1.5.0.202011040924/tools/bin/../lib/gcc/arm-none-eabi/7.3.1/../../../../arm-none-eabi/lib/thumb/v6-m\libc_nano.a
LOAD c:/st/stm32cubeide_1.3.0/stm32cubeide/plugins/com.st.stm32cube.ide.mcu.externaltools.gnu-tools-for-stm32.7-2018-q2-update.win32_1.5.0.202011040924/tools/bin/../lib/gcc/arm-none-eabi/7.3.1/../../../../arm-none-eabi/lib/thumb/v6-m\libm.a
END GROUP
START GROUP
LOAD c:/st/stm32cubeide_1.3.0/stm32cubeide/plugins/com.st.stm32cube.ide.mcu.externaltools.gnu-tools-for-stm32.7-2018-q2-update.win32_1.5.0.202011040924/tools/bin/../lib/gcc/arm-none-eabi/7.3.1/thumb/v6-m\libgcc.a
LOAD c:/st/stm32cubeide_1.3.0/stm32cubeide/plugins/com.st.stm32cube.ide.mcu.externaltools.gnu-tools-for-stm32.7-2018-q2-update.win32_1.5.0.202011040924/tools/bin/../lib/gcc/arm-none-eabi/7.3.1/../../../../arm-none-eabi/lib/thumb/v6-m\libc_nano.a
END GROUP
START GROUP
LOAD c:/st/stm32cubeide_1.3.0/stm32cubeide/plugins/com.st.stm32cube.ide.mcu.externaltools.gnu-tools-for-stm32.7-2018-q2-update.win32_1.5.0.202011040924/tools/bin/../lib/gcc/arm-none-eabi/7.3.1/thumb/v6-m\libgcc.a
LOAD c:/st/stm32cubeide_1.3.0/stm32cubeide/plugins/com.st.stm32cube.ide.mcu.externaltools.gnu-tools-for-stm32.7-2018-q2-update.win32_1.5.0.202011040924/tools/bin/../lib/gcc/arm-none-eabi/7.3.1/../../../../arm-none-eabi/lib/thumb/v6-m\libc_nano.a
LOAD c:/st/stm32cubeide_1.3.0/stm32cubeide/plugins/com.st.stm32cube.ide.mcu.externaltools.gnu-tools-for-stm32.7-2018-q2-update.win32_1.5.0.202011040924/tools/bin/../lib/gcc/arm-none-eabi/7.3.1/../../../../arm-none-eabi/lib/thumb/v6-m\libnosys.a
END GROUP
START GROUP
LOAD c:/st/stm32cubeide_1.3.0/stm32cubeide/plugins/com.st.stm32cube.ide.mcu.externaltools.gnu-tools-for-stm32.7-2018-q2-update.win32_1.5.0.202011040924/tools/bin/../lib/gcc/arm-none-eabi/7.3.1/thumb/v6-m\libgcc.a
LOAD c:/st/stm32cubeide_1.3.0/stm32cubeide/plugins/com.st.stm32cube.ide.mcu.externaltools.gnu-tools-for-stm32.7-2018-q2-update.win32_1.5.0.202011040924/tools/bin/../lib/gcc/arm-none-eabi/7.3.1/../../../../arm-none-eabi/lib/thumb/v6-m\libc_nano.a
LOAD c:/st/stm32cubeide_1.3.0/stm32cubeide/plugins/com.st.stm32cube.ide.mcu.externaltools.gnu-tools-for-stm32.7-2018-q2-update.win32_1.5.0.202011040924/tools/bin/../lib/gcc/arm-none-eabi/7.3.1/../../../../arm-none-eabi/lib/thumb/v6-m\libnosys.a
END GROUP
LOAD c:/st/stm32cubeide_1.3.0/stm32cubeide/plugins/com.st.stm32cube.ide.mcu.externaltools.gnu-tools-for-stm32.7-2018-q2-update.win32_1.5.0.202011040924/tools/bin/../lib/gcc/arm-none-eabi/7.3.1/thumb/v6-m/crtend.o
LOAD c:/st/stm32cubeide_1.3.0/stm32cubeide/plugins/com.st.stm32cube.ide.mcu.externaltools.gnu-tools-for-stm32.7-2018-q2-update.win32_1.5.0.202011040924/tools/bin/../lib/gcc/arm-none-eabi/7.3.1/thumb/v6-m/crtn.o
                0x0000000020004000                _estack = (ORIGIN (RAM) + LENGTH (RAM))
                0x0000000000000200                _Min_Heap_Size = 0x200
                0x0000000000000400                _Min_Stack_Size = 0x400

.isr_vector     0x0000000008000000       0xc0
                0x0000000008000000                . = ALIGN (0x4)
 *(.isr_vector)
 .isr_vector    0x0000000008000000       0xc0 Core/Startup/startup_stm32f070cbtx.o
                0x0000000008000000                g_pfnVectors
                0x00000000080000c0                . = ALIGN (0x4)

.text           0x00000000080000c0     0x5c60
                0x00000000080000c0                . = ALIGN (0x4)
 *(.text)
 .text          0x00000000080000c0       0x48 c:/st/stm32cubeide_1.3.0/stm32cubeide/plugins/com.st.stm32cube.ide.mcu.externaltools.gnu-tools-for-stm32.7-2018-q2-update.win32_1.5.0.202011040924/tools/bin/../lib/gcc/arm-none-eabi/7.3.1/thumb/v6-m/crtbegin.o
 .text          0x0000000008000108      0x114 c:/st/stm32cubeide_1.3.0/stm32cubeide/plugins/com.st.stm32cube.ide.mcu.externaltools.gnu-tools-for-stm32.7-2018-q2-update.win32_1.5.0.202011040924/tools/bin/../lib/gcc/arm-none-eabi/7.3.1/thumb/v6-m\libgcc.a(_udivsi3.o)
                0x0000000008000108                __aeabi_uidiv
                0x0000000008000108                __udivsi3
                0x0000000008000214                __aeabi_uidivmod
 .text          0x000000000800021c        0x4 c:/st/stm32cubeide_1.3.0/stm32cubeide/plugins/com.st.stm32cube.ide.mcu.externaltools.gnu-tools-for-stm32.7-2018-q2-update.win32_1.5.0.202011040924/tools/bin/../lib/gcc/arm-none-eabi/7.3.1/thumb/v6-m\libgcc.a(_dvmd_tls.o)
                0x000000000800021c                __aeabi_idiv0
                0x000000000800021c                __aeabi_ldiv0
 .text          0x0000000008000220       0x7c c:/st/stm32cubeide_1.3.0/stm32cubeide/plugins/com.st.stm32cube.ide.mcu.externaltools.gnu-tools-for-stm32.7-2018-q2-update.win32_1.5.0.202011040924/tools/bin/../lib/gcc/arm-none-eabi/7.3.1/thumb/v6-m\libgcc.a(_arm_cmpdf2.o)
                0x0000000008000220                __aeabi_cdrcmple
                0x0000000008000230                __aeabi_cdcmple
                0x0000000008000230                __aeabi_cdcmpeq
                0x0000000008000240                __aeabi_dcmpeq
                0x000000000800024c                __aeabi_dcmplt
                0x0000000008000260                __aeabi_dcmple
                0x0000000008000274                __aeabi_dcmpgt
                0x0000000008000288                __aeabi_dcmpge
 .text          0x000000000800029c       0x78 c:/st/stm32cubeide_1.3.0/stm32cubeide/plugins/com.st.stm32cube.ide.mcu.externaltools.gnu-tools-for-stm32.7-2018-q2-update.win32_1.5.0.202011040924/tools/bin/../lib/gcc/arm-none-eabi/7.3.1/thumb/v6-m\libgcc.a(eqdf2.o)
                0x000000000800029c                __nedf2
                0x000000000800029c                __eqdf2
 .text          0x0000000008000314       0xc8 c:/st/stm32cubeide_1.3.0/stm32cubeide/plugins/com.st.stm32cube.ide.mcu.externaltools.gnu-tools-for-stm32.7-2018-q2-update.win32_1.5.0.202011040924/tools/bin/../lib/gcc/arm-none-eabi/7.3.1/thumb/v6-m\libgcc.a(gedf2.o)
                0x0000000008000314                __gedf2
                0x0000000008000314                __gtdf2
 .text          0x00000000080003dc       0xd0 c:/st/stm32cubeide_1.3.0/stm32cubeide/plugins/com.st.stm32cube.ide.mcu.externaltools.gnu-tools-for-stm32.7-2018-q2-update.win32_1.5.0.202011040924/tools/bin/../lib/gcc/arm-none-eabi/7.3.1/thumb/v6-m\libgcc.a(ledf2.o)
                0x00000000080003dc                __ledf2
                0x00000000080003dc                __ltdf2
 .text          0x00000000080004ac       0x74 c:/st/stm32cubeide_1.3.0/stm32cubeide/plugins/com.st.stm32cube.ide.mcu.externaltools.gnu-tools-for-stm32.7-2018-q2-update.win32_1.5.0.202011040924/tools/bin/../lib/gcc/arm-none-eabi/7.3.1/thumb/v6-m\libgcc.a(floatsidf.o)
                0x00000000080004ac                __aeabi_i2d
 .text          0x0000000008000520       0x3c c:/st/stm32cubeide_1.3.0/stm32cubeide/plugins/com.st.stm32cube.ide.mcu.externaltools.gnu-tools-for-stm32.7-2018-q2-update.win32_1.5.0.202011040924/tools/bin/../lib/gcc/arm-none-eabi/7.3.1/thumb/v6-m\libgcc.a(_clzsi2.o)
                0x0000000008000520                __clzsi2
 *(.text*)
 .text.main     0x000000000800055c       0xe8 Core/Src/main.o
                0x000000000800055c                main
 .text.SystemClock_Config
                0x0000000008000644       0x96 Core/Src/main.o
                0x0000000008000644                SystemClock_Config
 *fill*         0x00000000080006da        0x2 
 .text.MX_TIM3_Init
                0x00000000080006dc       0xc4 Core/Src/main.o
 .text.MX_TIM6_Init
                0x00000000080007a0       0x40 Core/Src/main.o
 .text.MX_GPIO_Init
                0x00000000080007e0      0x114 Core/Src/main.o
 .text.StartDefaultTask
                0x00000000080008f4      0x148 Core/Src/main.o
                0x00000000080008f4                StartDefaultTask
 .text.StartEmitTag
                0x0000000008000a3c      0x158 Core/Src/main.o
                0x0000000008000a3c                StartEmitTag
 .text.StartLEDFlash
                0x0000000008000b94      0x18c Core/Src/main.o
                0x0000000008000b94                StartLEDFlash
 .text.StartButtonMonitor
                0x0000000008000d20       0x4c Core/Src/main.o
                0x0000000008000d20                StartButtonMonitor
 .text.HAL_TIM_PeriodElapsedCallback
                0x0000000008000d6c       0xf8 Core/Src/main.o
                0x0000000008000d6c                HAL_TIM_PeriodElapsedCallback
 .text.Error_Handler
                0x0000000008000e64        0xa Core/Src/main.o
                0x0000000008000e64                Error_Handler
 *fill*         0x0000000008000e6e        0x2 
 .text.HAL_MspInit
                0x0000000008000e70       0x54 Core/Src/stm32f0xx_hal_msp.o
                0x0000000008000e70                HAL_MspInit
 .text.HAL_TIM_PWM_MspInit
                0x0000000008000ec4       0x3c Core/Src/stm32f0xx_hal_msp.o
                0x0000000008000ec4                HAL_TIM_PWM_MspInit
 .text.HAL_TIM_Base_MspInit
                0x0000000008000f00       0x4c Core/Src/stm32f0xx_hal_msp.o
                0x0000000008000f00                HAL_TIM_Base_MspInit
 .text.HAL_TIM_MspPostInit
                0x0000000008000f4c       0x7c Core/Src/stm32f0xx_hal_msp.o
                0x0000000008000f4c                HAL_TIM_MspPostInit
 .text.HAL_InitTick
                0x0000000008000fc8       0xbc Core/Src/stm32f0xx_hal_timebase_tim.o
                0x0000000008000fc8                HAL_InitTick
 .text.NMI_Handler
                0x0000000008001084        0xa Core/Src/stm32f0xx_it.o
                0x0000000008001084                NMI_Handler
 .text.HardFault_Handler
                0x000000000800108e        0x6 Core/Src/stm32f0xx_it.o
                0x000000000800108e                HardFault_Handler
 .text.TIM6_IRQHandler
                0x0000000008001094       0x18 Core/Src/stm32f0xx_it.o
                0x0000000008001094                TIM6_IRQHandler
 .text.TIM17_IRQHandler
                0x00000000080010ac       0x18 Core/Src/stm32f0xx_it.o
                0x00000000080010ac                TIM17_IRQHandler
 .text.SystemInit
                0x00000000080010c4        0xa Core/Src/system_stm32f0xx.o
                0x00000000080010c4                SystemInit
 *fill*         0x00000000080010ce        0x2 
 .text.Reset_Handler
                0x00000000080010d0       0x50 Core/Startup/startup_stm32f070cbtx.o
                0x00000000080010d0                Reset_Handler
 .text.Default_Handler
                0x0000000008001120        0x2 Core/Startup/startup_stm32f070cbtx.o
                0x0000000008001120                TIM1_CC_IRQHandler
                0x0000000008001120                I2C1_IRQHandler
                0x0000000008001120                SPI1_IRQHandler
                0x0000000008001120                USART3_4_IRQHandler
                0x0000000008001120                EXTI2_3_IRQHandler
                0x0000000008001120                ADC1_IRQHandler
                0x0000000008001120                I2C2_IRQHandler
                0x0000000008001120                RTC_IRQHandler
                0x0000000008001120                TIM16_IRQHandler
                0x0000000008001120                TIM3_IRQHandler
                0x0000000008001120                EXTI4_15_IRQHandler
                0x0000000008001120                RCC_IRQHandler
                0x0000000008001120                DMA1_Channel1_IRQHandler
                0x0000000008001120                Default_Handler
                0x0000000008001120                TIM14_IRQHandler
                0x0000000008001120                DMA1_Channel4_5_IRQHandler
                0x0000000008001120                TIM7_IRQHandler
                0x0000000008001120                TIM15_IRQHandler
                0x0000000008001120                EXTI0_1_IRQHandler
                0x0000000008001120                USB_IRQHandler
                0x0000000008001120                SPI2_IRQHandler
                0x0000000008001120                WWDG_IRQHandler
                0x0000000008001120                DMA1_Channel2_3_IRQHandler
                0x0000000008001120                USART2_IRQHandler
                0x0000000008001120                FLASH_IRQHandler
                0x0000000008001120                USART1_IRQHandler
                0x0000000008001120                TIM1_BRK_UP_TRG_COM_IRQHandler
 *fill*         0x0000000008001122        0x2 
 .text.HAL_Init
                0x0000000008001124       0x28 Drivers/STM32F0xx_HAL_Driver/Src/stm32f0xx_hal.o
                0x0000000008001124                HAL_Init
 .text.HAL_IncTick
                0x000000000800114c       0x24 Drivers/STM32F0xx_HAL_Driver/Src/stm32f0xx_hal.o
                0x000000000800114c                HAL_IncTick
 .text.HAL_GetTick
                0x0000000008001170       0x14 Drivers/STM32F0xx_HAL_Driver/Src/stm32f0xx_hal.o
                0x0000000008001170                HAL_GetTick
 .text.__NVIC_EnableIRQ
                0x0000000008001184       0x34 Drivers/STM32F0xx_HAL_Driver/Src/stm32f0xx_hal_cortex.o
 .text.__NVIC_SetPriority
                0x00000000080011b8       0xdc Drivers/STM32F0xx_HAL_Driver/Src/stm32f0xx_hal_cortex.o
 .text.HAL_NVIC_SetPriority
                0x0000000008001294       0x2a Drivers/STM32F0xx_HAL_Driver/Src/stm32f0xx_hal_cortex.o
                0x0000000008001294                HAL_NVIC_SetPriority
 .text.HAL_NVIC_EnableIRQ
                0x00000000080012be       0x20 Drivers/STM32F0xx_HAL_Driver/Src/stm32f0xx_hal_cortex.o
                0x00000000080012be                HAL_NVIC_EnableIRQ
 *fill*         0x00000000080012de        0x2 
 .text.HAL_GPIO_Init
                0x00000000080012e0      0x2e0 Drivers/STM32F0xx_HAL_Driver/Src/stm32f0xx_hal_gpio.o
                0x00000000080012e0                HAL_GPIO_Init
 .text.HAL_GPIO_ReadPin
                0x00000000080015c0       0x3a Drivers/STM32F0xx_HAL_Driver/Src/stm32f0xx_hal_gpio.o
                0x00000000080015c0                HAL_GPIO_ReadPin
 .text.HAL_GPIO_WritePin
                0x00000000080015fa       0x3a Drivers/STM32F0xx_HAL_Driver/Src/stm32f0xx_hal_gpio.o
                0x00000000080015fa                HAL_GPIO_WritePin
 .text.HAL_RCC_OscConfig
                0x0000000008001634      0x63c Drivers/STM32F0xx_HAL_Driver/Src/stm32f0xx_hal_rcc.o
                0x0000000008001634                HAL_RCC_OscConfig
 .text.HAL_RCC_ClockConfig
                0x0000000008001c70      0x19c Drivers/STM32F0xx_HAL_Driver/Src/stm32f0xx_hal_rcc.o
                0x0000000008001c70                HAL_RCC_ClockConfig
 .text.HAL_RCC_GetSysClockFreq
                0x0000000008001e0c       0xcc Drivers/STM32F0xx_HAL_Driver/Src/stm32f0xx_hal_rcc.o
                0x0000000008001e0c                HAL_RCC_GetSysClockFreq
 .text.HAL_RCC_GetHCLKFreq
                0x0000000008001ed8       0x14 Drivers/STM32F0xx_HAL_Driver/Src/stm32f0xx_hal_rcc.o
                0x0000000008001ed8                HAL_RCC_GetHCLKFreq
 .text.HAL_RCC_GetPCLK1Freq
                0x0000000008001eec       0x2c Drivers/STM32F0xx_HAL_Driver/Src/stm32f0xx_hal_rcc.o
                0x0000000008001eec                HAL_RCC_GetPCLK1Freq
 .text.HAL_RCC_GetClockConfig
                0x0000000008001f18       0x54 Drivers/STM32F0xx_HAL_Driver/Src/stm32f0xx_hal_rcc.o
                0x0000000008001f18                HAL_RCC_GetClockConfig
 .text.HAL_TIM_Base_Init
                0x0000000008001f6c       0xa0 Drivers/STM32F0xx_HAL_Driver/Src/stm32f0xx_hal_tim.o
                0x0000000008001f6c                HAL_TIM_Base_Init
 .text.HAL_TIM_Base_Start_IT
                0x000000000800200c       0x98 Drivers/STM32F0xx_HAL_Driver/Src/stm32f0xx_hal_tim.o
                0x000000000800200c                HAL_TIM_Base_Start_IT
 .text.HAL_TIM_PWM_Init
                0x00000000080020a4       0xa0 Drivers/STM32F0xx_HAL_Driver/Src/stm32f0xx_hal_tim.o
                0x00000000080020a4                HAL_TIM_PWM_Init
 .text.HAL_TIM_PWM_Start
                0x0000000008002144      0x164 Drivers/STM32F0xx_HAL_Driver/Src/stm32f0xx_hal_tim.o
                0x0000000008002144                HAL_TIM_PWM_Start
 .text.HAL_TIM_IRQHandler
                0x00000000080022a8      0x22c Drivers/STM32F0xx_HAL_Driver/Src/stm32f0xx_hal_tim.o
                0x00000000080022a8                HAL_TIM_IRQHandler
 .text.HAL_TIM_PWM_ConfigChannel
                0x00000000080024d4      0x160 Drivers/STM32F0xx_HAL_Driver/Src/stm32f0xx_hal_tim.o
                0x00000000080024d4                HAL_TIM_PWM_ConfigChannel
 .text.HAL_TIM_OC_DelayElapsedCallback
                0x0000000008002634       0x10 Drivers/STM32F0xx_HAL_Driver/Src/stm32f0xx_hal_tim.o
                0x0000000008002634                HAL_TIM_OC_DelayElapsedCallback
 .text.HAL_TIM_IC_CaptureCallback
                0x0000000008002644       0x10 Drivers/STM32F0xx_HAL_Driver/Src/stm32f0xx_hal_tim.o
                0x0000000008002644                HAL_TIM_IC_CaptureCallback
 .text.HAL_TIM_PWM_PulseFinishedCallback
                0x0000000008002654       0x10 Drivers/STM32F0xx_HAL_Driver/Src/stm32f0xx_hal_tim.o
                0x0000000008002654                HAL_TIM_PWM_PulseFinishedCallback
 .text.HAL_TIM_TriggerCallback
                0x0000000008002664       0x10 Drivers/STM32F0xx_HAL_Driver/Src/stm32f0xx_hal_tim.o
                0x0000000008002664                HAL_TIM_TriggerCallback
 .text.TIM_Base_SetConfig
                0x0000000008002674       0xec Drivers/STM32F0xx_HAL_Driver/Src/stm32f0xx_hal_tim.o
                0x0000000008002674                TIM_Base_SetConfig
 .text.TIM_OC1_SetConfig
                0x0000000008002760      0x110 Drivers/STM32F0xx_HAL_Driver/Src/stm32f0xx_hal_tim.o
 .text.TIM_OC2_SetConfig
                0x0000000008002870      0x108 Drivers/STM32F0xx_HAL_Driver/Src/stm32f0xx_hal_tim.o
                0x0000000008002870                TIM_OC2_SetConfig
 .text.TIM_OC3_SetConfig
                0x0000000008002978      0x10c Drivers/STM32F0xx_HAL_Driver/Src/stm32f0xx_hal_tim.o
 .text.TIM_OC4_SetConfig
                0x0000000008002a84       0xd4 Drivers/STM32F0xx_HAL_Driver/Src/stm32f0xx_hal_tim.o
 .text.TIM_CCxChannelCmd
                0x0000000008002b58       0x46 Drivers/STM32F0xx_HAL_Driver/Src/stm32f0xx_hal_tim.o
                0x0000000008002b58                TIM_CCxChannelCmd
 *fill*         0x0000000008002b9e        0x2 
 .text.HAL_TIMEx_MasterConfigSynchronization
                0x0000000008002ba0       0xb0 Drivers/STM32F0xx_HAL_Driver/Src/stm32f0xx_hal_tim_ex.o
                0x0000000008002ba0                HAL_TIMEx_MasterConfigSynchronization
 .text.HAL_TIMEx_CommutCallback
                0x0000000008002c50       0x10 Drivers/STM32F0xx_HAL_Driver/Src/stm32f0xx_hal_tim_ex.o
                0x0000000008002c50                HAL_TIMEx_CommutCallback
 .text.HAL_TIMEx_BreakCallback
                0x0000000008002c60       0x10 Drivers/STM32F0xx_HAL_Driver/Src/stm32f0xx_hal_tim_ex.o
                0x0000000008002c60                HAL_TIMEx_BreakCallback
 .text.LTTO_IR_CONV_RawSignatureToPulses
                0x0000000008002c70      0x1f8 Libraries/ltto-ir/LTTO_IR_Conversions.o
                0x0000000008002c70                LTTO_IR_CONV_RawSignatureToPulses
 .text.LTTO_IR_CONV_RawSignatureToSignature
                0x0000000008002e68       0xe4 Libraries/ltto-ir/LTTO_IR_Conversions.o
                0x0000000008002e68                LTTO_IR_CONV_RawSignatureToSignature
 .text.LTTO_IR_CONV_SignatureToRawSignature
                0x0000000008002f4c      0x128 Libraries/ltto-ir/LTTO_IR_Conversions.o
                0x0000000008002f4c                LTTO_IR_CONV_SignatureToRawSignature
 .text.LTTO_IR_CONV_SignatureToPulses
                0x0000000008003074       0x2e Libraries/ltto-ir/LTTO_IR_Conversions.o
                0x0000000008003074                LTTO_IR_CONV_SignatureToPulses
 .text.LTTO_IR_CONV_ClearMultibyte
                0x00000000080030a2       0x22 Libraries/ltto-ir/LTTO_IR_Conversions.o
                0x00000000080030a2                LTTO_IR_CONV_ClearMultibyte
 .text.LTTO_IR_CONV_AddSignatureToMultibyte
                0x00000000080030c4      0x10e Libraries/ltto-ir/LTTO_IR_Conversions.o
                0x00000000080030c4                LTTO_IR_CONV_AddSignatureToMultibyte
 *fill*         0x00000000080031d2        0x2 
 .text.LTTO_IR_RX_NewIRPulseReceived
                0x00000000080031d4      0x3ec Libraries/ltto-ir/LTTO_IR_RX.o
                0x00000000080031d4                LTTO_IR_RX_NewIRPulseReceived
 .text.LTTO_IR_RX_AC_NewIRPulseReceived
                0x00000000080035c0       0xb4 Libraries/ltto-ir/LTTO_IR_RX_AutoConvert.o
                0x00000000080035c0                LTTO_IR_RX_AC_NewIRPulseReceived
 .text.LTTO_IR_RX_AC_NewSingleSignatureReady
                0x0000000008003674       0x18 Libraries/ltto-ir/LTTO_IR_RX_AutoConvert.o
                0x0000000008003674                LTTO_IR_RX_AC_NewSingleSignatureReady
 .text.LTTO_IR_RX_AC_GetSingleSignature
                0x000000000800368c       0x24 Libraries/ltto-ir/LTTO_IR_RX_AutoConvert.o
                0x000000000800368c                LTTO_IR_RX_AC_GetSingleSignature
 .text.LTTO_IR_RX_AC_Clear
                0x00000000080036b0       0x2c Libraries/ltto-ir/LTTO_IR_RX_AutoConvert.o
                0x00000000080036b0                LTTO_IR_RX_AC_Clear
 .text.osKernelInitialize
                0x00000000080036dc       0x58 Middlewares/Third_Party/FreeRTOS/Source/CMSIS_RTOS_V2/cmsis_os2.o
                0x00000000080036dc                osKernelInitialize
 .text.osKernelStart
                0x0000000008003734       0x5c Middlewares/Third_Party/FreeRTOS/Source/CMSIS_RTOS_V2/cmsis_os2.o
                0x0000000008003734                osKernelStart
 .text.osThreadNew
                0x0000000008003790      0x150 Middlewares/Third_Party/FreeRTOS/Source/CMSIS_RTOS_V2/cmsis_os2.o
                0x0000000008003790                osThreadNew
 .text.osDelay  0x00000000080038e0       0x50 Middlewares/Third_Party/FreeRTOS/Source/CMSIS_RTOS_V2/cmsis_os2.o
                0x00000000080038e0                osDelay
 .text.osMessageQueueNew
                0x0000000008003930      0x110 Middlewares/Third_Party/FreeRTOS/Source/CMSIS_RTOS_V2/cmsis_os2.o
                0x0000000008003930                osMessageQueueNew
 .text.vApplicationGetIdleTaskMemory
                0x0000000008003a40       0x30 Middlewares/Third_Party/FreeRTOS/Source/CMSIS_RTOS_V2/cmsis_os2.o
                0x0000000008003a40                vApplicationGetIdleTaskMemory
 .text.vApplicationGetTimerTaskMemory
                0x0000000008003a70       0x30 Middlewares/Third_Party/FreeRTOS/Source/CMSIS_RTOS_V2/cmsis_os2.o
                0x0000000008003a70                vApplicationGetTimerTaskMemory
 .text.vListInitialise
                0x0000000008003aa0       0x3c Middlewares/Third_Party/FreeRTOS/Source/list.o
                0x0000000008003aa0                vListInitialise
 .text.vListInitialiseItem
                0x0000000008003adc       0x16 Middlewares/Third_Party/FreeRTOS/Source/list.o
                0x0000000008003adc                vListInitialiseItem
 .text.vListInsertEnd
                0x0000000008003af2       0x44 Middlewares/Third_Party/FreeRTOS/Source/list.o
                0x0000000008003af2                vListInsertEnd
 .text.vListInsert
                0x0000000008003b36       0x6c Middlewares/Third_Party/FreeRTOS/Source/list.o
                0x0000000008003b36                vListInsert
 .text.uxListRemove
                0x0000000008003ba2       0x50 Middlewares/Third_Party/FreeRTOS/Source/list.o
                0x0000000008003ba2                uxListRemove
 .text.xQueueGenericReset
                0x0000000008003bf2       0xa8 Middlewares/Third_Party/FreeRTOS/Source/queue.o
                0x0000000008003bf2                xQueueGenericReset
 .text.xQueueGenericCreateStatic
                0x0000000008003c9a       0x96 Middlewares/Third_Party/FreeRTOS/Source/queue.o
                0x0000000008003c9a                xQueueGenericCreateStatic
 .text.xQueueGenericCreate
                0x0000000008003d30       0x6c Middlewares/Third_Party/FreeRTOS/Source/queue.o
                0x0000000008003d30                xQueueGenericCreate
 .text.prvInitialiseNewQueue
                0x0000000008003d9c       0x4e Middlewares/Third_Party/FreeRTOS/Source/queue.o
 .text.xQueueGenericSend
                0x0000000008003dea      0x188 Middlewares/Third_Party/FreeRTOS/Source/queue.o
                0x0000000008003dea                xQueueGenericSend
 .text.xQueueGenericSendFromISR
                0x0000000008003f72       0xe2 Middlewares/Third_Party/FreeRTOS/Source/queue.o
                0x0000000008003f72                xQueueGenericSendFromISR
 .text.xQueueReceive
                0x0000000008004054      0x16a Middlewares/Third_Party/FreeRTOS/Source/queue.o
                0x0000000008004054                xQueueReceive
 .text.prvCopyDataToQueue
                0x00000000080041be       0xd6 Middlewares/Third_Party/FreeRTOS/Source/queue.o
 .text.prvCopyDataFromQueue
                0x0000000008004294       0x4c Middlewares/Third_Party/FreeRTOS/Source/queue.o
 .text.prvUnlockQueue
                0x00000000080042e0       0xbc Middlewares/Third_Party/FreeRTOS/Source/queue.o
 .text.prvIsQueueEmpty
                0x000000000800439c       0x2c Middlewares/Third_Party/FreeRTOS/Source/queue.o
 .text.prvIsQueueFull
                0x00000000080043c8       0x30 Middlewares/Third_Party/FreeRTOS/Source/queue.o
 .text.vQueueAddToRegistry
                0x00000000080043f8       0x50 Middlewares/Third_Party/FreeRTOS/Source/queue.o
                0x00000000080043f8                vQueueAddToRegistry
 .text.vQueueWaitForMessageRestricted
                0x0000000008004448       0x66 Middlewares/Third_Party/FreeRTOS/Source/queue.o
                0x0000000008004448                vQueueWaitForMessageRestricted
 .text.xTaskCreateStatic
                0x00000000080044ae       0x86 Middlewares/Third_Party/FreeRTOS/Source/tasks.o
                0x00000000080044ae                xTaskCreateStatic
 .text.xTaskCreate
                0x0000000008004534       0x98 Middlewares/Third_Party/FreeRTOS/Source/tasks.o
                0x0000000008004534                xTaskCreate
 .text.prvInitialiseNewTask
                0x00000000080045cc      0x104 Middlewares/Third_Party/FreeRTOS/Source/tasks.o
 .text.prvAddNewTaskToReadyList
                0x00000000080046d0       0xd0 Middlewares/Third_Party/FreeRTOS/Source/tasks.o
 .text.vTaskDelay
                0x00000000080047a0       0x4c Middlewares/Third_Party/FreeRTOS/Source/tasks.o
                0x00000000080047a0                vTaskDelay
 .text.vTaskStartScheduler
                0x00000000080047ec       0xa8 Middlewares/Third_Party/FreeRTOS/Source/tasks.o
                0x00000000080047ec                vTaskStartScheduler
 .text.vTaskSuspendAll
                0x0000000008004894       0x18 Middlewares/Third_Party/FreeRTOS/Source/tasks.o
                0x0000000008004894                vTaskSuspendAll
 .text.xTaskResumeAll
                0x00000000080048ac      0x118 Middlewares/Third_Party/FreeRTOS/Source/tasks.o
                0x00000000080048ac                xTaskResumeAll
 .text.xTaskGetTickCount
                0x00000000080049c4       0x1c Middlewares/Third_Party/FreeRTOS/Source/tasks.o
                0x00000000080049c4                xTaskGetTickCount
 .text.xTaskIncrementTick
                0x00000000080049e0      0x168 Middlewares/Third_Party/FreeRTOS/Source/tasks.o
                0x00000000080049e0                xTaskIncrementTick
 .text.vTaskSwitchContext
                0x0000000008004b48       0xa4 Middlewares/Third_Party/FreeRTOS/Source/tasks.o
                0x0000000008004b48                vTaskSwitchContext
 .text.vTaskPlaceOnEventList
                0x0000000008004bec       0x3c Middlewares/Third_Party/FreeRTOS/Source/tasks.o
                0x0000000008004bec                vTaskPlaceOnEventList
 .text.vTaskPlaceOnEventListRestricted
                0x0000000008004c28       0x4c Middlewares/Third_Party/FreeRTOS/Source/tasks.o
                0x0000000008004c28                vTaskPlaceOnEventListRestricted
 .text.xTaskRemoveFromEventList
                0x0000000008004c74       0xb8 Middlewares/Third_Party/FreeRTOS/Source/tasks.o
                0x0000000008004c74                xTaskRemoveFromEventList
 .text.vTaskInternalSetTimeOutState
                0x0000000008004d2c       0x28 Middlewares/Third_Party/FreeRTOS/Source/tasks.o
                0x0000000008004d2c                vTaskInternalSetTimeOutState
 .text.xTaskCheckForTimeOut
                0x0000000008004d54       0xa0 Middlewares/Third_Party/FreeRTOS/Source/tasks.o
                0x0000000008004d54                xTaskCheckForTimeOut
 .text.vTaskMissedYield
                0x0000000008004df4       0x14 Middlewares/Third_Party/FreeRTOS/Source/tasks.o
                0x0000000008004df4                vTaskMissedYield
 .text.prvIdleTask
                0x0000000008004e08       0x20 Middlewares/Third_Party/FreeRTOS/Source/tasks.o
 .text.prvInitialiseTaskLists
                0x0000000008004e28       0x88 Middlewares/Third_Party/FreeRTOS/Source/tasks.o
 .text.prvCheckTasksWaitingTermination
                0x0000000008004eb0       0x5c Middlewares/Third_Party/FreeRTOS/Source/tasks.o
 .text.prvDeleteTCB
                0x0000000008004f0c       0x50 Middlewares/Third_Party/FreeRTOS/Source/tasks.o
 .text.prvResetNextTaskUnblockTime
                0x0000000008004f5c       0x48 Middlewares/Third_Party/FreeRTOS/Source/tasks.o
 .text.xTaskGetSchedulerState
                0x0000000008004fa4       0x38 Middlewares/Third_Party/FreeRTOS/Source/tasks.o
                0x0000000008004fa4                xTaskGetSchedulerState
 .text.xTaskPriorityDisinherit
                0x0000000008004fdc       0xb8 Middlewares/Third_Party/FreeRTOS/Source/tasks.o
                0x0000000008004fdc                xTaskPriorityDisinherit
 .text.prvAddCurrentTaskToDelayedList
                0x0000000008005094       0xa8 Middlewares/Third_Party/FreeRTOS/Source/tasks.o
 .text.xTimerCreateTimerTask
                0x000000000800513c       0x7c Middlewares/Third_Party/FreeRTOS/Source/timers.o
                0x000000000800513c                xTimerCreateTimerTask
 .text.xTimerGenericCommand
                0x00000000080051b8       0x98 Middlewares/Third_Party/FreeRTOS/Source/timers.o
                0x00000000080051b8                xTimerGenericCommand
 .text.prvProcessExpiredTimer
                0x0000000008005250       0x70 Middlewares/Third_Party/FreeRTOS/Source/timers.o
 .text.prvTimerTask
                0x00000000080052c0       0x28 Middlewares/Third_Party/FreeRTOS/Source/timers.o
 .text.prvProcessTimerOrBlockTask
                0x00000000080052e8       0x8c Middlewares/Third_Party/FreeRTOS/Source/timers.o
 .text.prvGetNextExpireTime
                0x0000000008005374       0x40 Middlewares/Third_Party/FreeRTOS/Source/timers.o
 .text.prvSampleTimeNow
                0x00000000080053b4       0x40 Middlewares/Third_Party/FreeRTOS/Source/timers.o
 .text.prvInsertTimerInActiveList
                0x00000000080053f4       0x84 Middlewares/Third_Party/FreeRTOS/Source/timers.o
 .text.prvProcessReceivedCommands
                0x0000000008005478      0x134 Middlewares/Third_Party/FreeRTOS/Source/timers.o
 .text.prvSwitchTimerLists
                0x00000000080055ac       0xb4 Middlewares/Third_Party/FreeRTOS/Source/timers.o
 .text.prvCheckForValidListAndQueue
                0x0000000008005660       0x88 Middlewares/Third_Party/FreeRTOS/Source/timers.o
 .text.pxPortInitialiseStack
                0x00000000080056e8       0x54 Middlewares/Third_Party/FreeRTOS/Source/portable/GCC/ARM_CM0/port.o
                0x00000000080056e8                pxPortInitialiseStack
 .text.prvTaskExitError
                0x000000000800573c       0x2c Middlewares/Third_Party/FreeRTOS/Source/portable/GCC/ARM_CM0/port.o
 .text.SVC_Handler
                0x0000000008005768        0xa Middlewares/Third_Party/FreeRTOS/Source/portable/GCC/ARM_CM0/port.o
                0x0000000008005768                SVC_Handler
 *fill*         0x0000000008005772        0xe 
 .text.vPortStartFirstTask
                0x0000000008005780       0x38 Middlewares/Third_Party/FreeRTOS/Source/portable/GCC/ARM_CM0/port.o
 .text.xPortStartScheduler
                0x00000000080057b8       0x48 Middlewares/Third_Party/FreeRTOS/Source/portable/GCC/ARM_CM0/port.o
                0x00000000080057b8                xPortStartScheduler
 .text.vPortYield
                0x0000000008005800       0x20 Middlewares/Third_Party/FreeRTOS/Source/portable/GCC/ARM_CM0/port.o
                0x0000000008005800                vPortYield
 .text.vPortEnterCritical
                0x0000000008005820       0x24 Middlewares/Third_Party/FreeRTOS/Source/portable/GCC/ARM_CM0/port.o
                0x0000000008005820                vPortEnterCritical
 .text.vPortExitCritical
                0x0000000008005844       0x30 Middlewares/Third_Party/FreeRTOS/Source/portable/GCC/ARM_CM0/port.o
                0x0000000008005844                vPortExitCritical
 .text.ulSetInterruptMaskFromISR
                0x0000000008005874        0xc Middlewares/Third_Party/FreeRTOS/Source/portable/GCC/ARM_CM0/port.o
                0x0000000008005874                ulSetInterruptMaskFromISR
 .text.vClearInterruptMaskFromISR
                0x0000000008005880        0x8 Middlewares/Third_Party/FreeRTOS/Source/portable/GCC/ARM_CM0/port.o
                0x0000000008005880                vClearInterruptMaskFromISR
 *fill*         0x0000000008005888        0x8 
 .text.PendSV_Handler
                0x0000000008005890       0x48 Middlewares/Third_Party/FreeRTOS/Source/portable/GCC/ARM_CM0/port.o
                0x0000000008005890                PendSV_Handler
 .text.SysTick_Handler
                0x00000000080058d8       0x34 Middlewares/Third_Party/FreeRTOS/Source/portable/GCC/ARM_CM0/port.o
                0x00000000080058d8                SysTick_Handler
 .text.prvSetupTimerInterrupt
                0x000000000800590c       0x44 Middlewares/Third_Party/FreeRTOS/Source/portable/GCC/ARM_CM0/port.o
 .text.pvPortMalloc
                0x0000000008005950      0x14c Middlewares/Third_Party/FreeRTOS/Source/portable/MemMang/heap_4.o
                0x0000000008005950                pvPortMalloc
 .text.vPortFree
                0x0000000008005a9c       0x90 Middlewares/Third_Party/FreeRTOS/Source/portable/MemMang/heap_4.o
                0x0000000008005a9c                vPortFree
 .text.prvHeapInit
                0x0000000008005b2c       0xc0 Middlewares/Third_Party/FreeRTOS/Source/portable/MemMang/heap_4.o
 .text.prvInsertBlockIntoFreeList
                0x0000000008005bec       0xb0 Middlewares/Third_Party/FreeRTOS/Source/portable/MemMang/heap_4.o
 .text.__libc_init_array
                0x0000000008005c9c       0x48 c:/st/stm32cubeide_1.3.0/stm32cubeide/plugins/com.st.stm32cube.ide.mcu.externaltools.gnu-tools-for-stm32.7-2018-q2-update.win32_1.5.0.202011040924/tools/bin/../lib/gcc/arm-none-eabi/7.3.1/../../../../arm-none-eabi/lib/thumb/v6-m\libc_nano.a(lib_a-init.o)
                0x0000000008005c9c                __libc_init_array
 .text.memcpy   0x0000000008005ce4       0x12 c:/st/stm32cubeide_1.3.0/stm32cubeide/plugins/com.st.stm32cube.ide.mcu.externaltools.gnu-tools-for-stm32.7-2018-q2-update.win32_1.5.0.202011040924/tools/bin/../lib/gcc/arm-none-eabi/7.3.1/../../../../arm-none-eabi/lib/thumb/v6-m\libc_nano.a(lib_a-memcpy-stub.o)
                0x0000000008005ce4                memcpy
 .text.memset   0x0000000008005cf6       0x10 c:/st/stm32cubeide_1.3.0/stm32cubeide/plugins/com.st.stm32cube.ide.mcu.externaltools.gnu-tools-for-stm32.7-2018-q2-update.win32_1.5.0.202011040924/tools/bin/../lib/gcc/arm-none-eabi/7.3.1/../../../../arm-none-eabi/lib/thumb/v6-m\libc_nano.a(lib_a-memset.o)
                0x0000000008005cf6                memset
 *(.glue_7)
 .glue_7        0x0000000008005d06        0x0 linker stubs
 *(.glue_7t)
 .glue_7t       0x0000000008005d06        0x0 linker stubs
 *(.eh_frame)
 *fill*         0x0000000008005d06        0x2 
 .eh_frame      0x0000000008005d08        0x0 c:/st/stm32cubeide_1.3.0/stm32cubeide/plugins/com.st.stm32cube.ide.mcu.externaltools.gnu-tools-for-stm32.7-2018-q2-update.win32_1.5.0.202011040924/tools/bin/../lib/gcc/arm-none-eabi/7.3.1/thumb/v6-m/crtbegin.o
 *(.init)
 .init          0x0000000008005d08        0x4 c:/st/stm32cubeide_1.3.0/stm32cubeide/plugins/com.st.stm32cube.ide.mcu.externaltools.gnu-tools-for-stm32.7-2018-q2-update.win32_1.5.0.202011040924/tools/bin/../lib/gcc/arm-none-eabi/7.3.1/thumb/v6-m/crti.o
                0x0000000008005d08                _init
 .init          0x0000000008005d0c        0x8 c:/st/stm32cubeide_1.3.0/stm32cubeide/plugins/com.st.stm32cube.ide.mcu.externaltools.gnu-tools-for-stm32.7-2018-q2-update.win32_1.5.0.202011040924/tools/bin/../lib/gcc/arm-none-eabi/7.3.1/thumb/v6-m/crtn.o
 *(.fini)
 .fini          0x0000000008005d14        0x4 c:/st/stm32cubeide_1.3.0/stm32cubeide/plugins/com.st.stm32cube.ide.mcu.externaltools.gnu-tools-for-stm32.7-2018-q2-update.win32_1.5.0.202011040924/tools/bin/../lib/gcc/arm-none-eabi/7.3.1/thumb/v6-m/crti.o
                0x0000000008005d14                _fini
 .fini          0x0000000008005d18        0x8 c:/st/stm32cubeide_1.3.0/stm32cubeide/plugins/com.st.stm32cube.ide.mcu.externaltools.gnu-tools-for-stm32.7-2018-q2-update.win32_1.5.0.202011040924/tools/bin/../lib/gcc/arm-none-eabi/7.3.1/thumb/v6-m/crtn.o
                0x0000000008005d20                . = ALIGN (0x4)
                0x0000000008005d20                _etext = .

.vfp11_veneer   0x0000000008005d20        0x0
 .vfp11_veneer  0x0000000008005d20        0x0 linker stubs

.v4_bx          0x0000000008005d20        0x0
 .v4_bx         0x0000000008005d20        0x0 linker stubs

.iplt           0x0000000008005d20        0x0
 .iplt          0x0000000008005d20        0x0 c:/st/stm32cubeide_1.3.0/stm32cubeide/plugins/com.st.stm32cube.ide.mcu.externaltools.gnu-tools-for-stm32.7-2018-q2-update.win32_1.5.0.202011040924/tools/bin/../lib/gcc/arm-none-eabi/7.3.1/thumb/v6-m/crtbegin.o

.rodata         0x0000000008005d20      0x240
                0x0000000008005d20                . = ALIGN (0x4)
 *(.rodata)
 .rodata        0x0000000008005d20       0x78 Core/Src/main.o
 .rodata        0x0000000008005d98       0x20 Drivers/STM32F0xx_HAL_Driver/Src/stm32f0xx_hal_rcc.o
 .rodata        0x0000000008005db8        0x5 Middlewares/Third_Party/FreeRTOS/Source/tasks.o
 *fill*         0x0000000008005dbd        0x3 
 .rodata        0x0000000008005dc0        0xd Middlewares/Third_Party/FreeRTOS/Source/timers.o
 *(.rodata*)
 *fill*         0x0000000008005dcd        0x3 
 .rodata.defaultTask_attributes
                0x0000000008005dd0       0x24 Core/Src/main.o
                0x0000000008005dd0                defaultTask_attributes
 .rodata.emitTag_attributes
                0x0000000008005df4       0x24 Core/Src/main.o
                0x0000000008005df4                emitTag_attributes
 .rodata.LED_attributes
                0x0000000008005e18       0x24 Core/Src/main.o
                0x0000000008005e18                LED_attributes
 .rodata.buttonMonitor_attributes
                0x0000000008005e3c       0x24 Core/Src/main.o
                0x0000000008005e3c                buttonMonitor_attributes
 .rodata.LED_BlinkStyle_attributes
                0x0000000008005e60       0x18 Core/Src/main.o
                0x0000000008005e60                LED_BlinkStyle_attributes
 .rodata.tagSignature_attributes
                0x0000000008005e78       0x18 Core/Src/main.o
                0x0000000008005e78                tagSignature_attributes
 .rodata.StartLEDFlash
                0x0000000008005e90       0x1c Core/Src/main.o
 .rodata.AHBPrescTable
                0x0000000008005eac       0x10 Core/Src/system_stm32f0xx.o
                0x0000000008005eac                AHBPrescTable
 .rodata.APBPrescTable
                0x0000000008005ebc        0x8 Core/Src/system_stm32f0xx.o
                0x0000000008005ebc                APBPrescTable
 .rodata.LTTO_IR_CONV_SignatureToRawSignature
                0x0000000008005ec4       0x1c Libraries/ltto-ir/LTTO_IR_Conversions.o
 .rodata.LTTO_IR_RX_NewIRPulseReceived
                0x0000000008005ee0       0x58 Libraries/ltto-ir/LTTO_IR_RX.o
 .rodata.prvProcessReceivedCommands
                0x0000000008005f38       0x28 Middlewares/Third_Party/FreeRTOS/Source/timers.o
                0x0000000008005f60                . = ALIGN (0x4)

.rel.dyn        0x0000000008005f60        0x0
 .rel.iplt      0x0000000008005f60        0x0 c:/st/stm32cubeide_1.3.0/stm32cubeide/plugins/com.st.stm32cube.ide.mcu.externaltools.gnu-tools-for-stm32.7-2018-q2-update.win32_1.5.0.202011040924/tools/bin/../lib/gcc/arm-none-eabi/7.3.1/thumb/v6-m/crtbegin.o

.ARM.extab      0x0000000008005f60        0x0
                0x0000000008005f60                . = ALIGN (0x4)
 *(.ARM.extab* .gnu.linkonce.armextab.*)
                0x0000000008005f60                . = ALIGN (0x4)

.ARM            0x0000000008005f60        0x0
                0x0000000008005f60                . = ALIGN (0x4)
                0x0000000008005f60                __exidx_start = .
 *(.ARM.exidx*)
                0x0000000008005f60                __exidx_end = .
                0x0000000008005f60                . = ALIGN (0x4)

.preinit_array  0x0000000008005f60        0x0
                0x0000000008005f60                . = ALIGN (0x4)
                0x0000000008005f60                PROVIDE (__preinit_array_start = .)
 *(.preinit_array*)
                0x0000000008005f60                PROVIDE (__preinit_array_end = .)
                0x0000000008005f60                . = ALIGN (0x4)

.init_array     0x0000000008005f60        0x4
                0x0000000008005f60                . = ALIGN (0x4)
                0x0000000008005f60                PROVIDE (__init_array_start = .)
 *(SORT_BY_NAME(.init_array.*))
 *(.init_array*)
 .init_array    0x0000000008005f60        0x4 c:/st/stm32cubeide_1.3.0/stm32cubeide/plugins/com.st.stm32cube.ide.mcu.externaltools.gnu-tools-for-stm32.7-2018-q2-update.win32_1.5.0.202011040924/tools/bin/../lib/gcc/arm-none-eabi/7.3.1/thumb/v6-m/crtbegin.o
                0x0000000008005f64                PROVIDE (__init_array_end = .)
                0x0000000008005f64                . = ALIGN (0x4)

.fini_array     0x0000000008005f64        0x4
                0x0000000008005f64                . = ALIGN (0x4)
                [!provide]                        PROVIDE (__fini_array_start = .)
 *(SORT_BY_NAME(.fini_array.*))
 *(.fini_array*)
 .fini_array    0x0000000008005f64        0x4 c:/st/stm32cubeide_1.3.0/stm32cubeide/plugins/com.st.stm32cube.ide.mcu.externaltools.gnu-tools-for-stm32.7-2018-q2-update.win32_1.5.0.202011040924/tools/bin/../lib/gcc/arm-none-eabi/7.3.1/thumb/v6-m/crtbegin.o
                [!provide]                        PROVIDE (__fini_array_end = .)
                0x0000000008005f68                . = ALIGN (0x4)
                0x0000000008005f68                _sidata = LOADADDR (.data)

.data           0x0000000020000000       0x10 load address 0x0000000008005f68
                0x0000000020000000                . = ALIGN (0x4)
                0x0000000020000000                _sdata = .
 *(.data)
 *(.data*)
 .data.presentState
                0x0000000020000000        0x1 Core/Src/main.o
                0x0000000020000000                presentState
 *fill*         0x0000000020000001        0x3 
 .data.SystemCoreClock
                0x0000000020000004        0x4 Core/Src/system_stm32f0xx.o
                0x0000000020000004                SystemCoreClock
 .data.uwTickFreq
                0x0000000020000008        0x1 Drivers/STM32F0xx_HAL_Driver/Src/stm32f0xx_hal.o
                0x0000000020000008                uwTickFreq
 *fill*         0x0000000020000009        0x3 
 .data.uxCriticalNesting
                0x000000002000000c        0x4 Middlewares/Third_Party/FreeRTOS/Source/portable/GCC/ARM_CM0/port.o
                0x0000000020000010                . = ALIGN (0x4)
                0x0000000020000010                _edata = .

.igot.plt       0x0000000020000010        0x0 load address 0x0000000008005f78
 .igot.plt      0x0000000020000010        0x0 c:/st/stm32cubeide_1.3.0/stm32cubeide/plugins/com.st.stm32cube.ide.mcu.externaltools.gnu-tools-for-stm32.7-2018-q2-update.win32_1.5.0.202011040924/tools/bin/../lib/gcc/arm-none-eabi/7.3.1/thumb/v6-m/crtbegin.o
                0x0000000020000010                . = ALIGN (0x4)

.bss            0x0000000020000010     0x1a90 load address 0x0000000008005f78
                0x0000000020000010                _sbss = .
                0x0000000020000010                __bss_start__ = _sbss
 *(.bss)
 .bss           0x0000000020000010       0x1c c:/st/stm32cubeide_1.3.0/stm32cubeide/plugins/com.st.stm32cube.ide.mcu.externaltools.gnu-tools-for-stm32.7-2018-q2-update.win32_1.5.0.202011040924/tools/bin/../lib/gcc/arm-none-eabi/7.3.1/thumb/v6-m/crtbegin.o
 *(.bss*)
 .bss.IR_RX_currentState.6794
                0x000000002000002c        0x1 Core/Src/main.o
 .bss.IR_RX_LastState.6793
                0x000000002000002d        0x1 Core/Src/main.o
 .bss.IR_RX_SensorTicks.6792
                0x000000002000002e        0x2 Core/Src/main.o
 .bss.LTTO_IR_RX_WIPpulseCount
                0x0000000020000030        0x4 Libraries/ltto-ir/LTTO_IR_RX.o
                0x0000000020000030                LTTO_IR_RX_WIPpulseCount
 .bss.LTTO_IR_RX_finalPulseCount
                0x0000000020000034        0x4 Libraries/ltto-ir/LTTO_IR_RX.o
                0x0000000020000034                LTTO_IR_RX_finalPulseCount
 .bss.KernelState
                0x0000000020000038        0x4 Middlewares/Third_Party/FreeRTOS/Source/CMSIS_RTOS_V2/cmsis_os2.o
 .bss.Idle_TCB  0x000000002000003c       0x5c Middlewares/Third_Party/FreeRTOS/Source/CMSIS_RTOS_V2/cmsis_os2.o
 .bss.Idle_Stack
                0x0000000020000098      0x200 Middlewares/Third_Party/FreeRTOS/Source/CMSIS_RTOS_V2/cmsis_os2.o
 .bss.Timer_TCB
                0x0000000020000298       0x5c Middlewares/Third_Party/FreeRTOS/Source/CMSIS_RTOS_V2/cmsis_os2.o
 .bss.Timer_Stack
                0x00000000200002f4      0x400 Middlewares/Third_Party/FreeRTOS/Source/CMSIS_RTOS_V2/cmsis_os2.o
 .bss.pxCurrentTCB
                0x00000000200006f4        0x4 Middlewares/Third_Party/FreeRTOS/Source/tasks.o
                0x00000000200006f4                pxCurrentTCB
 .bss.pxReadyTasksLists
                0x00000000200006f8      0x460 Middlewares/Third_Party/FreeRTOS/Source/tasks.o
 .bss.xDelayedTaskList1
                0x0000000020000b58       0x14 Middlewares/Third_Party/FreeRTOS/Source/tasks.o
 .bss.xDelayedTaskList2
                0x0000000020000b6c       0x14 Middlewares/Third_Party/FreeRTOS/Source/tasks.o
 .bss.pxDelayedTaskList
                0x0000000020000b80        0x4 Middlewares/Third_Party/FreeRTOS/Source/tasks.o
 .bss.pxOverflowDelayedTaskList
                0x0000000020000b84        0x4 Middlewares/Third_Party/FreeRTOS/Source/tasks.o
 .bss.xPendingReadyList
                0x0000000020000b88       0x14 Middlewares/Third_Party/FreeRTOS/Source/tasks.o
 .bss.xTasksWaitingTermination
                0x0000000020000b9c       0x14 Middlewares/Third_Party/FreeRTOS/Source/tasks.o
 .bss.uxDeletedTasksWaitingCleanUp
                0x0000000020000bb0        0x4 Middlewares/Third_Party/FreeRTOS/Source/tasks.o
 .bss.xSuspendedTaskList
                0x0000000020000bb4       0x14 Middlewares/Third_Party/FreeRTOS/Source/tasks.o
 .bss.uxCurrentNumberOfTasks
                0x0000000020000bc8        0x4 Middlewares/Third_Party/FreeRTOS/Source/tasks.o
 .bss.xTickCount
                0x0000000020000bcc        0x4 Middlewares/Third_Party/FreeRTOS/Source/tasks.o
 .bss.uxTopReadyPriority
                0x0000000020000bd0        0x4 Middlewares/Third_Party/FreeRTOS/Source/tasks.o
 .bss.xSchedulerRunning
                0x0000000020000bd4        0x4 Middlewares/Third_Party/FreeRTOS/Source/tasks.o
 .bss.uxPendedTicks
                0x0000000020000bd8        0x4 Middlewares/Third_Party/FreeRTOS/Source/tasks.o
 .bss.xYieldPending
                0x0000000020000bdc        0x4 Middlewares/Third_Party/FreeRTOS/Source/tasks.o
 .bss.xNumOfOverflows
                0x0000000020000be0        0x4 Middlewares/Third_Party/FreeRTOS/Source/tasks.o
 .bss.uxTaskNumber
                0x0000000020000be4        0x4 Middlewares/Third_Party/FreeRTOS/Source/tasks.o
 .bss.xNextTaskUnblockTime
                0x0000000020000be8        0x4 Middlewares/Third_Party/FreeRTOS/Source/tasks.o
 .bss.xIdleTaskHandle
                0x0000000020000bec        0x4 Middlewares/Third_Party/FreeRTOS/Source/tasks.o
 .bss.uxSchedulerSuspended
                0x0000000020000bf0        0x4 Middlewares/Third_Party/FreeRTOS/Source/tasks.o
 .bss.xActiveTimerList1
                0x0000000020000bf4       0x14 Middlewares/Third_Party/FreeRTOS/Source/timers.o
 .bss.xActiveTimerList2
                0x0000000020000c08       0x14 Middlewares/Third_Party/FreeRTOS/Source/timers.o
 .bss.pxCurrentTimerList
                0x0000000020000c1c        0x4 Middlewares/Third_Party/FreeRTOS/Source/timers.o
 .bss.pxOverflowTimerList
                0x0000000020000c20        0x4 Middlewares/Third_Party/FreeRTOS/Source/timers.o
 .bss.xTimerQueue
                0x0000000020000c24        0x4 Middlewares/Third_Party/FreeRTOS/Source/timers.o
 .bss.xTimerTaskHandle
                0x0000000020000c28        0x4 Middlewares/Third_Party/FreeRTOS/Source/timers.o
 .bss.xLastTime.5439
                0x0000000020000c2c        0x4 Middlewares/Third_Party/FreeRTOS/Source/timers.o
 .bss.ucStaticTimerQueueStorage.5490
                0x0000000020000c30       0xa0 Middlewares/Third_Party/FreeRTOS/Source/timers.o
 .bss.xStaticTimerQueue.5489
                0x0000000020000cd0       0x50 Middlewares/Third_Party/FreeRTOS/Source/timers.o
 .bss.ucHeap    0x0000000020000d20      0xc00 Middlewares/Third_Party/FreeRTOS/Source/portable/MemMang/heap_4.o
 .bss.xStart    0x0000000020001920        0x8 Middlewares/Third_Party/FreeRTOS/Source/portable/MemMang/heap_4.o
 .bss.pxEnd     0x0000000020001928        0x4 Middlewares/Third_Party/FreeRTOS/Source/portable/MemMang/heap_4.o
 .bss.xFreeBytesRemaining
                0x000000002000192c        0x4 Middlewares/Third_Party/FreeRTOS/Source/portable/MemMang/heap_4.o
 .bss.xMinimumEverFreeBytesRemaining
                0x0000000020001930        0x4 Middlewares/Third_Party/FreeRTOS/Source/portable/MemMang/heap_4.o
 .bss.xBlockAllocatedBit
                0x0000000020001934        0x4 Middlewares/Third_Party/FreeRTOS/Source/portable/MemMang/heap_4.o
 *(COMMON)
 COMMON         0x0000000020001938       0xac Core/Src/main.o
                0x0000000020001938                defaultTaskHandle
                0x000000002000193c                tagSignatureHandle
                0x0000000020001940                htim3
                0x0000000020001988                tempSignature
                0x000000002000198c                buttonMonitorHandle
                0x0000000020001990                LED_BlinkStyleHandle
                0x0000000020001994                htim6
                0x00000000200019dc                emitTagHandle
                0x00000000200019e0                LEDHandle
 COMMON         0x00000000200019e4       0x48 Core/Src/stm32f0xx_hal_timebase_tim.o
                0x00000000200019e4                htim17
 COMMON         0x0000000020001a2c        0x4 Drivers/STM32F0xx_HAL_Driver/Src/stm32f0xx_hal.o
                0x0000000020001a2c                uwTick
 COMMON         0x0000000020001a30        0xe Libraries/ltto-ir/LTTO_IR_RX.o
                0x0000000020001a30                LTTO_IR_RX_wipSignature
                0x0000000020001a38                LTTO_IR_RX_finalSignature
 *fill*         0x0000000020001a3e        0x2 
 COMMON         0x0000000020001a40       0x20 Libraries/ltto-ir/LTTO_IR_RX_AutoConvert.o
                0x0000000020001a40                LTTO_IR_RX_AC_tempMultibyte
                0x0000000020001a5c                LTTO_IR_RX_AC_tempSignature
 COMMON         0x0000000020001a60       0x40 Middlewares/Third_Party/FreeRTOS/Source/queue.o
                0x0000000020001a60                xQueueRegistry
                0x0000000020001aa0                . = ALIGN (0x4)
                0x0000000020001aa0                _ebss = .
                0x0000000020001aa0                __bss_end__ = _ebss

._user_heap_stack
                0x0000000020001aa0      0x600 load address 0x0000000008005f78
                0x0000000020001aa0                . = ALIGN (0x8)
                [!provide]                        PROVIDE (end = .)
                0x0000000020001aa0                PROVIDE (_end = .)
                0x0000000020001ca0                . = (. + _Min_Heap_Size)
 *fill*         0x0000000020001aa0      0x200 
                0x00000000200020a0                . = (. + _Min_Stack_Size)
 *fill*         0x0000000020001ca0      0x400 
                0x00000000200020a0                . = ALIGN (0x8)

/DISCARD/
 libc.a(*)
 libm.a(*)
 libgcc.a(*)

.ARM.attributes
                0x0000000000000000       0x28
 *(.ARM.attributes)
 .ARM.attributes
                0x0000000000000000       0x1e c:/st/stm32cubeide_1.3.0/stm32cubeide/plugins/com.st.stm32cube.ide.mcu.externaltools.gnu-tools-for-stm32.7-2018-q2-update.win32_1.5.0.202011040924/tools/bin/../lib/gcc/arm-none-eabi/7.3.1/thumb/v6-m/crti.o
 .ARM.attributes
                0x000000000000001e       0x2c c:/st/stm32cubeide_1.3.0/stm32cubeide/plugins/com.st.stm32cube.ide.mcu.externaltools.gnu-tools-for-stm32.7-2018-q2-update.win32_1.5.0.202011040924/tools/bin/../lib/gcc/arm-none-eabi/7.3.1/thumb/v6-m/crtbegin.o
 .ARM.attributes
                0x000000000000004a       0x31 Core/Src/main.o
 .ARM.attributes
                0x000000000000007b       0x31 Core/Src/stm32f0xx_hal_msp.o
 .ARM.attributes
                0x00000000000000ac       0x31 Core/Src/stm32f0xx_hal_timebase_tim.o
 .ARM.attributes
                0x00000000000000dd       0x31 Core/Src/stm32f0xx_it.o
 .ARM.attributes
                0x000000000000010e       0x31 Core/Src/system_stm32f0xx.o
 .ARM.attributes
                0x000000000000013f       0x21 Core/Startup/startup_stm32f070cbtx.o
 .ARM.attributes
                0x0000000000000160       0x31 Drivers/STM32F0xx_HAL_Driver/Src/stm32f0xx_hal.o
 .ARM.attributes
                0x0000000000000191       0x31 Drivers/STM32F0xx_HAL_Driver/Src/stm32f0xx_hal_cortex.o
 .ARM.attributes
                0x00000000000001c2       0x31 Drivers/STM32F0xx_HAL_Driver/Src/stm32f0xx_hal_gpio.o
 .ARM.attributes
                0x00000000000001f3       0x31 Drivers/STM32F0xx_HAL_Driver/Src/stm32f0xx_hal_rcc.o
 .ARM.attributes
                0x0000000000000224       0x31 Drivers/STM32F0xx_HAL_Driver/Src/stm32f0xx_hal_tim.o
 .ARM.attributes
                0x0000000000000255       0x31 Drivers/STM32F0xx_HAL_Driver/Src/stm32f0xx_hal_tim_ex.o
 .ARM.attributes
                0x0000000000000286       0x31 Libraries/ltto-ir/LTTO_IR_Conversions.o
 .ARM.attributes
                0x00000000000002b7       0x31 Libraries/ltto-ir/LTTO_IR_RX.o
 .ARM.attributes
                0x00000000000002e8       0x31 Libraries/ltto-ir/LTTO_IR_RX_AutoConvert.o
 .ARM.attributes
                0x0000000000000319       0x31 Middlewares/Third_Party/FreeRTOS/Source/CMSIS_RTOS_V2/cmsis_os2.o
 .ARM.attributes
                0x000000000000034a       0x31 Middlewares/Third_Party/FreeRTOS/Source/list.o
 .ARM.attributes
                0x000000000000037b       0x31 Middlewares/Third_Party/FreeRTOS/Source/queue.o
 .ARM.attributes
                0x00000000000003ac       0x31 Middlewares/Third_Party/FreeRTOS/Source/tasks.o
 .ARM.attributes
                0x00000000000003dd       0x31 Middlewares/Third_Party/FreeRTOS/Source/timers.o
 .ARM.attributes
                0x000000000000040e       0x31 Middlewares/Third_Party/FreeRTOS/Source/portable/GCC/ARM_CM0/port.o
 .ARM.attributes
                0x000000000000043f       0x31 Middlewares/Third_Party/FreeRTOS/Source/portable/MemMang/heap_4.o
 .ARM.attributes
                0x0000000000000470       0x2c c:/st/stm32cubeide_1.3.0/stm32cubeide/plugins/com.st.stm32cube.ide.mcu.externaltools.gnu-tools-for-stm32.7-2018-q2-update.win32_1.5.0.202011040924/tools/bin/../lib/gcc/arm-none-eabi/7.3.1/../../../../arm-none-eabi/lib/thumb/v6-m\libc_nano.a(lib_a-init.o)
 .ARM.attributes
                0x000000000000049c       0x2c c:/st/stm32cubeide_1.3.0/stm32cubeide/plugins/com.st.stm32cube.ide.mcu.externaltools.gnu-tools-for-stm32.7-2018-q2-update.win32_1.5.0.202011040924/tools/bin/../lib/gcc/arm-none-eabi/7.3.1/../../../../arm-none-eabi/lib/thumb/v6-m\libc_nano.a(lib_a-memcpy-stub.o)
 .ARM.attributes
                0x00000000000004c8       0x2c c:/st/stm32cubeide_1.3.0/stm32cubeide/plugins/com.st.stm32cube.ide.mcu.externaltools.gnu-tools-for-stm32.7-2018-q2-update.win32_1.5.0.202011040924/tools/bin/../lib/gcc/arm-none-eabi/7.3.1/../../../../arm-none-eabi/lib/thumb/v6-m\libc_nano.a(lib_a-memset.o)
 .ARM.attributes
                0x00000000000004f4       0x1e c:/st/stm32cubeide_1.3.0/stm32cubeide/plugins/com.st.stm32cube.ide.mcu.externaltools.gnu-tools-for-stm32.7-2018-q2-update.win32_1.5.0.202011040924/tools/bin/../lib/gcc/arm-none-eabi/7.3.1/thumb/v6-m\libgcc.a(_udivsi3.o)
 .ARM.attributes
                0x0000000000000512       0x1e c:/st/stm32cubeide_1.3.0/stm32cubeide/plugins/com.st.stm32cube.ide.mcu.externaltools.gnu-tools-for-stm32.7-2018-q2-update.win32_1.5.0.202011040924/tools/bin/../lib/gcc/arm-none-eabi/7.3.1/thumb/v6-m\libgcc.a(_dvmd_tls.o)
 .ARM.attributes
                0x0000000000000530       0x1e c:/st/stm32cubeide_1.3.0/stm32cubeide/plugins/com.st.stm32cube.ide.mcu.externaltools.gnu-tools-for-stm32.7-2018-q2-update.win32_1.5.0.202011040924/tools/bin/../lib/gcc/arm-none-eabi/7.3.1/thumb/v6-m\libgcc.a(_arm_cmpdf2.o)
 .ARM.attributes
                0x000000000000054e       0x2c c:/st/stm32cubeide_1.3.0/stm32cubeide/plugins/com.st.stm32cube.ide.mcu.externaltools.gnu-tools-for-stm32.7-2018-q2-update.win32_1.5.0.202011040924/tools/bin/../lib/gcc/arm-none-eabi/7.3.1/thumb/v6-m\libgcc.a(eqdf2.o)
 .ARM.attributes
                0x000000000000057a       0x2c c:/st/stm32cubeide_1.3.0/stm32cubeide/plugins/com.st.stm32cube.ide.mcu.externaltools.gnu-tools-for-stm32.7-2018-q2-update.win32_1.5.0.202011040924/tools/bin/../lib/gcc/arm-none-eabi/7.3.1/thumb/v6-m\libgcc.a(gedf2.o)
 .ARM.attributes
                0x00000000000005a6       0x2c c:/st/stm32cubeide_1.3.0/stm32cubeide/plugins/com.st.stm32cube.ide.mcu.externaltools.gnu-tools-for-stm32.7-2018-q2-update.win32_1.5.0.202011040924/tools/bin/../lib/gcc/arm-none-eabi/7.3.1/thumb/v6-m\libgcc.a(ledf2.o)
 .ARM.attributes
                0x00000000000005d2       0x2c c:/st/stm32cubeide_1.3.0/stm32cubeide/plugins/com.st.stm32cube.ide.mcu.externaltools.gnu-tools-for-stm32.7-2018-q2-update.win32_1.5.0.202011040924/tools/bin/../lib/gcc/arm-none-eabi/7.3.1/thumb/v6-m\libgcc.a(floatsidf.o)
 .ARM.attributes
                0x00000000000005fe       0x1e c:/st/stm32cubeide_1.3.0/stm32cubeide/plugins/com.st.stm32cube.ide.mcu.externaltools.gnu-tools-for-stm32.7-2018-q2-update.win32_1.5.0.202011040924/tools/bin/../lib/gcc/arm-none-eabi/7.3.1/thumb/v6-m\libgcc.a(_clzsi2.o)
 .ARM.attributes
                0x000000000000061c       0x1e c:/st/stm32cubeide_1.3.0/stm32cubeide/plugins/com.st.stm32cube.ide.mcu.externaltools.gnu-tools-for-stm32.7-2018-q2-update.win32_1.5.0.202011040924/tools/bin/../lib/gcc/arm-none-eabi/7.3.1/thumb/v6-m/crtn.o
OUTPUT(TaggerRetrofitSTM32F070CBT.elf elf32-littlearm)

.debug_info     0x0000000000000000    0x1375c
 .debug_info    0x0000000000000000     0x12f6 Core/Src/main.o
 .debug_info    0x00000000000012f6      0xa61 Core/Src/stm32f0xx_hal_msp.o
 .debug_info    0x0000000000001d57      0x924 Core/Src/stm32f0xx_hal_timebase_tim.o
 .debug_info    0x000000000000267b      0x6bf Core/Src/stm32f0xx_it.o
 .debug_info    0x0000000000002d3a      0x29e Core/Src/system_stm32f0xx.o
 .debug_info    0x0000000000002fd8       0x22 Core/Startup/startup_stm32f070cbtx.o
 .debug_info    0x0000000000002ffa      0x697 Drivers/STM32F0xx_HAL_Driver/Src/stm32f0xx_hal.o
 .debug_info    0x0000000000003691      0x774 Drivers/STM32F0xx_HAL_Driver/Src/stm32f0xx_hal_cortex.o
 .debug_info    0x0000000000003e05      0x675 Drivers/STM32F0xx_HAL_Driver/Src/stm32f0xx_hal_gpio.o
 .debug_info    0x000000000000447a      0x80a Drivers/STM32F0xx_HAL_Driver/Src/stm32f0xx_hal_rcc.o
 .debug_info    0x0000000000004c84     0x27c6 Drivers/STM32F0xx_HAL_Driver/Src/stm32f0xx_hal_tim.o
 .debug_info    0x000000000000744a     0x1346 Drivers/STM32F0xx_HAL_Driver/Src/stm32f0xx_hal_tim_ex.o
 .debug_info    0x0000000000008790      0x6bc Libraries/ltto-ir/LTTO_IR_Conversions.o
 .debug_info    0x0000000000008e4c      0x244 Libraries/ltto-ir/LTTO_IR_RX.o
 .debug_info    0x0000000000009090      0x395 Libraries/ltto-ir/LTTO_IR_RX_AutoConvert.o
 .debug_info    0x0000000000009425     0x3703 Middlewares/Third_Party/FreeRTOS/Source/CMSIS_RTOS_V2/cmsis_os2.o
 .debug_info    0x000000000000cb28      0xac5 Middlewares/Third_Party/FreeRTOS/Source/list.o
 .debug_info    0x000000000000d5ed     0x1acb Middlewares/Third_Party/FreeRTOS/Source/queue.o
 .debug_info    0x000000000000f0b8     0x219e Middlewares/Third_Party/FreeRTOS/Source/tasks.o
 .debug_info    0x0000000000011256     0x1782 Middlewares/Third_Party/FreeRTOS/Source/timers.o
 .debug_info    0x00000000000129d8      0x26b Middlewares/Third_Party/FreeRTOS/Source/portable/GCC/ARM_CM0/port.o
 .debug_info    0x0000000000012c43      0xb19 Middlewares/Third_Party/FreeRTOS/Source/portable/MemMang/heap_4.o

.debug_abbrev   0x0000000000000000     0x2a3f
 .debug_abbrev  0x0000000000000000      0x231 Core/Src/main.o
 .debug_abbrev  0x0000000000000231      0x1c0 Core/Src/stm32f0xx_hal_msp.o
 .debug_abbrev  0x00000000000003f1      0x1ac Core/Src/stm32f0xx_hal_timebase_tim.o
 .debug_abbrev  0x000000000000059d      0x169 Core/Src/stm32f0xx_it.o
 .debug_abbrev  0x0000000000000706      0x12b Core/Src/system_stm32f0xx.o
 .debug_abbrev  0x0000000000000831       0x12 Core/Startup/startup_stm32f070cbtx.o
 .debug_abbrev  0x0000000000000843      0x1f2 Drivers/STM32F0xx_HAL_Driver/Src/stm32f0xx_hal.o
 .debug_abbrev  0x0000000000000a35      0x273 Drivers/STM32F0xx_HAL_Driver/Src/stm32f0xx_hal_cortex.o
 .debug_abbrev  0x0000000000000ca8      0x1c0 Drivers/STM32F0xx_HAL_Driver/Src/stm32f0xx_hal_gpio.o
 .debug_abbrev  0x0000000000000e68      0x20f Drivers/STM32F0xx_HAL_Driver/Src/stm32f0xx_hal_rcc.o
 .debug_abbrev  0x0000000000001077      0x23f Drivers/STM32F0xx_HAL_Driver/Src/stm32f0xx_hal_tim.o
 .debug_abbrev  0x00000000000012b6      0x245 Drivers/STM32F0xx_HAL_Driver/Src/stm32f0xx_hal_tim_ex.o
 .debug_abbrev  0x00000000000014fb      0x182 Libraries/ltto-ir/LTTO_IR_Conversions.o
 .debug_abbrev  0x000000000000167d       0xff Libraries/ltto-ir/LTTO_IR_RX.o
 .debug_abbrev  0x000000000000177c      0x145 Libraries/ltto-ir/LTTO_IR_RX_AutoConvert.o
 .debug_abbrev  0x00000000000018c1      0x366 Middlewares/Third_Party/FreeRTOS/Source/CMSIS_RTOS_V2/cmsis_os2.o
 .debug_abbrev  0x0000000000001c27      0x1cf Middlewares/Third_Party/FreeRTOS/Source/list.o
 .debug_abbrev  0x0000000000001df6      0x2c4 Middlewares/Third_Party/FreeRTOS/Source/queue.o
 .debug_abbrev  0x00000000000020ba      0x303 Middlewares/Third_Party/FreeRTOS/Source/tasks.o
 .debug_abbrev  0x00000000000023bd      0x2a1 Middlewares/Third_Party/FreeRTOS/Source/timers.o
 .debug_abbrev  0x000000000000265e      0x1a4 Middlewares/Third_Party/FreeRTOS/Source/portable/GCC/ARM_CM0/port.o
 .debug_abbrev  0x0000000000002802      0x23d Middlewares/Third_Party/FreeRTOS/Source/portable/MemMang/heap_4.o

.debug_aranges  0x0000000000000000     0x1190
 .debug_aranges
                0x0000000000000000       0x70 Core/Src/main.o
 .debug_aranges
                0x0000000000000070       0x48 Core/Src/stm32f0xx_hal_msp.o
 .debug_aranges
                0x00000000000000b8       0x30 Core/Src/stm32f0xx_hal_timebase_tim.o
 .debug_aranges
                0x00000000000000e8       0x38 Core/Src/stm32f0xx_it.o
 .debug_aranges
                0x0000000000000120       0x28 Core/Src/system_stm32f0xx.o
 .debug_aranges
                0x0000000000000148       0x28 Core/Startup/startup_stm32f070cbtx.o
 .debug_aranges
                0x0000000000000170       0xd0 Drivers/STM32F0xx_HAL_Driver/Src/stm32f0xx_hal.o
 .debug_aranges
                0x0000000000000240       0xc0 Drivers/STM32F0xx_HAL_Driver/Src/stm32f0xx_hal_cortex.o
 .debug_aranges
                0x0000000000000300       0x58 Drivers/STM32F0xx_HAL_Driver/Src/stm32f0xx_hal_gpio.o
 .debug_aranges
                0x0000000000000358       0x80 Drivers/STM32F0xx_HAL_Driver/Src/stm32f0xx_hal_rcc.o
 .debug_aranges
                0x00000000000003d8      0x3d0 Drivers/STM32F0xx_HAL_Driver/Src/stm32f0xx_hal_tim.o
 .debug_aranges
                0x00000000000007a8      0x168 Drivers/STM32F0xx_HAL_Driver/Src/stm32f0xx_hal_tim_ex.o
 .debug_aranges
                0x0000000000000910       0x98 Libraries/ltto-ir/LTTO_IR_Conversions.o
 .debug_aranges
                0x00000000000009a8       0x20 Libraries/ltto-ir/LTTO_IR_RX.o
 .debug_aranges
                0x00000000000009c8       0x58 Libraries/ltto-ir/LTTO_IR_RX_AutoConvert.o
 .debug_aranges
                0x0000000000000a20      0x228 Middlewares/Third_Party/FreeRTOS/Source/CMSIS_RTOS_V2/cmsis_os2.o
 .debug_aranges
                0x0000000000000c48       0x40 Middlewares/Third_Party/FreeRTOS/Source/list.o
 .debug_aranges
                0x0000000000000c88      0x158 Middlewares/Third_Party/FreeRTOS/Source/queue.o
 .debug_aranges
                0x0000000000000de0      0x1f8 Middlewares/Third_Party/FreeRTOS/Source/tasks.o
 .debug_aranges
                0x0000000000000fd8       0xe0 Middlewares/Third_Party/FreeRTOS/Source/timers.o
 .debug_aranges
                0x00000000000010b8       0x88 Middlewares/Third_Party/FreeRTOS/Source/portable/GCC/ARM_CM0/port.o
 .debug_aranges
                0x0000000000001140       0x50 Middlewares/Third_Party/FreeRTOS/Source/portable/MemMang/heap_4.o

.debug_ranges   0x0000000000000000     0x1050
 .debug_ranges  0x0000000000000000       0x60 Core/Src/main.o
 .debug_ranges  0x0000000000000060       0x38 Core/Src/stm32f0xx_hal_msp.o
 .debug_ranges  0x0000000000000098       0x20 Core/Src/stm32f0xx_hal_timebase_tim.o
 .debug_ranges  0x00000000000000b8       0x28 Core/Src/stm32f0xx_it.o
 .debug_ranges  0x00000000000000e0       0x18 Core/Src/system_stm32f0xx.o
 .debug_ranges  0x00000000000000f8       0x20 Core/Startup/startup_stm32f070cbtx.o
 .debug_ranges  0x0000000000000118       0xc0 Drivers/STM32F0xx_HAL_Driver/Src/stm32f0xx_hal.o
 .debug_ranges  0x00000000000001d8       0xb0 Drivers/STM32F0xx_HAL_Driver/Src/stm32f0xx_hal_cortex.o
 .debug_ranges  0x0000000000000288       0x48 Drivers/STM32F0xx_HAL_Driver/Src/stm32f0xx_hal_gpio.o
 .debug_ranges  0x00000000000002d0       0x70 Drivers/STM32F0xx_HAL_Driver/Src/stm32f0xx_hal_rcc.o
 .debug_ranges  0x0000000000000340      0x3c0 Drivers/STM32F0xx_HAL_Driver/Src/stm32f0xx_hal_tim.o
 .debug_ranges  0x0000000000000700      0x158 Drivers/STM32F0xx_HAL_Driver/Src/stm32f0xx_hal_tim_ex.o
 .debug_ranges  0x0000000000000858       0xa0 Libraries/ltto-ir/LTTO_IR_Conversions.o
 .debug_ranges  0x00000000000008f8       0x10 Libraries/ltto-ir/LTTO_IR_RX.o
 .debug_ranges  0x0000000000000908       0x48 Libraries/ltto-ir/LTTO_IR_RX_AutoConvert.o
 .debug_ranges  0x0000000000000950      0x218 Middlewares/Third_Party/FreeRTOS/Source/CMSIS_RTOS_V2/cmsis_os2.o
 .debug_ranges  0x0000000000000b68       0x30 Middlewares/Third_Party/FreeRTOS/Source/list.o
 .debug_ranges  0x0000000000000b98      0x148 Middlewares/Third_Party/FreeRTOS/Source/queue.o
 .debug_ranges  0x0000000000000ce0      0x1e8 Middlewares/Third_Party/FreeRTOS/Source/tasks.o
 .debug_ranges  0x0000000000000ec8       0xd0 Middlewares/Third_Party/FreeRTOS/Source/timers.o
 .debug_ranges  0x0000000000000f98       0x78 Middlewares/Third_Party/FreeRTOS/Source/portable/GCC/ARM_CM0/port.o
 .debug_ranges  0x0000000000001010       0x40 Middlewares/Third_Party/FreeRTOS/Source/portable/MemMang/heap_4.o

.debug_macro    0x0000000000000000     0x2700
 .debug_macro   0x0000000000000000      0x285 Core/Src/main.o
 .debug_macro   0x0000000000000285       0x5b Core/Src/main.o
 .debug_macro   0x00000000000002e0       0x74 Core/Src/main.o
 .debug_macro   0x0000000000000354       0xdd Core/Src/main.o
 .debug_macro   0x0000000000000431       0x8d Core/Src/main.o
 .debug_macro   0x00000000000004be       0x22 Core/Src/main.o
 .debug_macro   0x00000000000004e0       0x10 Core/Src/main.o
 .debug_macro   0x00000000000004f0      0x1bd Core/Src/stm32f0xx_hal_msp.o
 .debug_macro   0x00000000000006ad      0x1ae Core/Src/stm32f0xx_hal_timebase_tim.o
 .debug_macro   0x000000000000085b      0x1c7 Core/Src/stm32f0xx_it.o
 .debug_macro   0x0000000000000a22      0x1ae Core/Src/system_stm32f0xx.o
 .debug_macro   0x0000000000000bd0      0x1d2 Drivers/STM32F0xx_HAL_Driver/Src/stm32f0xx_hal.o
 .debug_macro   0x0000000000000da2      0x1ae Drivers/STM32F0xx_HAL_Driver/Src/stm32f0xx_hal_cortex.o
 .debug_macro   0x0000000000000f50      0x1e6 Drivers/STM32F0xx_HAL_Driver/Src/stm32f0xx_hal_gpio.o
 .debug_macro   0x0000000000001136      0x1c0 Drivers/STM32F0xx_HAL_Driver/Src/stm32f0xx_hal_rcc.o
 .debug_macro   0x00000000000012f6      0x1af Drivers/STM32F0xx_HAL_Driver/Src/stm32f0xx_hal_tim.o
 .debug_macro   0x00000000000014a5      0x1ae Drivers/STM32F0xx_HAL_Driver/Src/stm32f0xx_hal_tim_ex.o
 .debug_macro   0x0000000000001653       0x80 Libraries/ltto-ir/LTTO_IR_Conversions.o
 .debug_macro   0x00000000000016d3       0x89 Libraries/ltto-ir/LTTO_IR_RX.o
 .debug_macro   0x000000000000175c       0x9d Libraries/ltto-ir/LTTO_IR_RX_AutoConvert.o
 .debug_macro   0x00000000000017f9      0x23a Middlewares/Third_Party/FreeRTOS/Source/CMSIS_RTOS_V2/cmsis_os2.o
 .debug_macro   0x0000000000001a33       0x10 Middlewares/Third_Party/FreeRTOS/Source/CMSIS_RTOS_V2/cmsis_os2.o
 .debug_macro   0x0000000000001a43       0x20 Middlewares/Third_Party/FreeRTOS/Source/CMSIS_RTOS_V2/cmsis_os2.o
 .debug_macro   0x0000000000001a63       0x10 Middlewares/Third_Party/FreeRTOS/Source/CMSIS_RTOS_V2/cmsis_os2.o
 .debug_macro   0x0000000000001a73       0xa9 Middlewares/Third_Party/FreeRTOS/Source/CMSIS_RTOS_V2/cmsis_os2.o
 .debug_macro   0x0000000000001b1c       0x91 Middlewares/Third_Party/FreeRTOS/Source/CMSIS_RTOS_V2/cmsis_os2.o
 .debug_macro   0x0000000000001bad       0x9a Middlewares/Third_Party/FreeRTOS/Source/CMSIS_RTOS_V2/cmsis_os2.o
 .debug_macro   0x0000000000001c47      0x17a Middlewares/Third_Party/FreeRTOS/Source/list.o
 .debug_macro   0x0000000000001dc1      0x205 Middlewares/Third_Party/FreeRTOS/Source/queue.o
 .debug_macro   0x0000000000001fc6       0x16 Middlewares/Third_Party/FreeRTOS/Source/queue.o
 .debug_macro   0x0000000000001fdc      0x27a Middlewares/Third_Party/FreeRTOS/Source/tasks.o
 .debug_macro   0x0000000000002256       0x10 Middlewares/Third_Party/FreeRTOS/Source/tasks.o
 .debug_macro   0x0000000000002266      0x1bd Middlewares/Third_Party/FreeRTOS/Source/timers.o
 .debug_macro   0x0000000000002423      0x13c Middlewares/Third_Party/FreeRTOS/Source/portable/GCC/ARM_CM0/port.o
 .debug_macro   0x000000000000255f      0x1a1 Middlewares/Third_Party/FreeRTOS/Source/portable/MemMang/heap_4.o

.debug_line     0x0000000000000000     0xe375
 .debug_line    0x0000000000000000      0xa66 Core/Src/main.o
 .debug_line    0x0000000000000a66      0x714 Core/Src/stm32f0xx_hal_msp.o
 .debug_line    0x000000000000117a      0x6de Core/Src/stm32f0xx_hal_timebase_tim.o
 .debug_line    0x0000000000001858      0x6ee Core/Src/stm32f0xx_it.o
 .debug_line    0x0000000000001f46      0x6c6 Core/Src/system_stm32f0xx.o
 .debug_line    0x000000000000260c       0x89 Core/Startup/startup_stm32f070cbtx.o
 .debug_line    0x0000000000002695      0x860 Drivers/STM32F0xx_HAL_Driver/Src/stm32f0xx_hal.o
 .debug_line    0x0000000000002ef5      0x878 Drivers/STM32F0xx_HAL_Driver/Src/stm32f0xx_hal_cortex.o
 .debug_line    0x000000000000376d      0x823 Drivers/STM32F0xx_HAL_Driver/Src/stm32f0xx_hal_gpio.o
 .debug_line    0x0000000000003f90      0x921 Drivers/STM32F0xx_HAL_Driver/Src/stm32f0xx_hal_rcc.o
 .debug_line    0x00000000000048b1     0x22bc Drivers/STM32F0xx_HAL_Driver/Src/stm32f0xx_hal_tim.o
 .debug_line    0x0000000000006b6d     0x12d2 Drivers/STM32F0xx_HAL_Driver/Src/stm32f0xx_hal_tim_ex.o
 .debug_line    0x0000000000007e3f      0x5e8 Libraries/ltto-ir/LTTO_IR_Conversions.o
 .debug_line    0x0000000000008427      0x4aa Libraries/ltto-ir/LTTO_IR_RX.o
 .debug_line    0x00000000000088d1      0x4bf Libraries/ltto-ir/LTTO_IR_RX_AutoConvert.o
 .debug_line    0x0000000000008d90     0x18ac Middlewares/Third_Party/FreeRTOS/Source/CMSIS_RTOS_V2/cmsis_os2.o
 .debug_line    0x000000000000a63c      0x66b Middlewares/Third_Party/FreeRTOS/Source/list.o
 .debug_line    0x000000000000aca7      0xea0 Middlewares/Third_Party/FreeRTOS/Source/queue.o
 .debug_line    0x000000000000bb47     0x11f9 Middlewares/Third_Party/FreeRTOS/Source/tasks.o
 .debug_line    0x000000000000cd40      0x946 Middlewares/Third_Party/FreeRTOS/Source/timers.o
 .debug_line    0x000000000000d686      0x5c7 Middlewares/Third_Party/FreeRTOS/Source/portable/GCC/ARM_CM0/port.o
 .debug_line    0x000000000000dc4d      0x728 Middlewares/Third_Party/FreeRTOS/Source/portable/MemMang/heap_4.o

.debug_str      0x0000000000000000    0x6d6d1
 .debug_str     0x0000000000000000    0x62bd3 Core/Src/main.o
                                      0x62f6f (size before relaxing)
 .debug_str     0x0000000000062bd3      0x1e3 Core/Src/stm32f0xx_hal_msp.o
                                      0x5e617 (size before relaxing)
 .debug_str     0x0000000000062db6       0xab Core/Src/stm32f0xx_hal_timebase_tim.o
                                      0x5e334 (size before relaxing)
 .debug_str     0x0000000000062e61       0x5c Core/Src/stm32f0xx_it.o
                                      0x5e36a (size before relaxing)
 .debug_str     0x0000000000062ebd       0x5f Core/Src/system_stm32f0xx.o
                                      0x5dc1e (size before relaxing)
 .debug_str     0x0000000000062f1c       0x36 Core/Startup/startup_stm32f070cbtx.o
                                         0x94 (size before relaxing)
 .debug_str     0x0000000000062f52      0x2c8 Drivers/STM32F0xx_HAL_Driver/Src/stm32f0xx_hal.o
                                      0x5e147 (size before relaxing)
 .debug_str     0x000000000006321a      0x1fb Drivers/STM32F0xx_HAL_Driver/Src/stm32f0xx_hal_cortex.o
                                      0x5dfff (size before relaxing)
 .debug_str     0x0000000000063415      0x213 Drivers/STM32F0xx_HAL_Driver/Src/stm32f0xx_hal_gpio.o
                                      0x5deba (size before relaxing)
 .debug_str     0x0000000000063628      0x236 Drivers/STM32F0xx_HAL_Driver/Src/stm32f0xx_hal_rcc.o
                                      0x5e028 (size before relaxing)
 .debug_str     0x000000000006385e      0xd9c Drivers/STM32F0xx_HAL_Driver/Src/stm32f0xx_hal_tim.o
                                      0x5efd2 (size before relaxing)
 .debug_str     0x00000000000645fa      0x517 Drivers/STM32F0xx_HAL_Driver/Src/stm32f0xx_hal_tim_ex.o
                                      0x5e7ac (size before relaxing)
 .debug_str     0x0000000000064b11      0x397 Libraries/ltto-ir/LTTO_IR_Conversions.o
                                       0x4322 (size before relaxing)
 .debug_str     0x0000000000064ea8       0x95 Libraries/ltto-ir/LTTO_IR_RX.o
                                       0x3f34 (size before relaxing)
 .debug_str     0x0000000000064f3d      0x15e Libraries/ltto-ir/LTTO_IR_RX_AutoConvert.o
                                       0x4206 (size before relaxing)
 .debug_str     0x000000000006509b     0x5bc2 Middlewares/Third_Party/FreeRTOS/Source/CMSIS_RTOS_V2/cmsis_os2.o
                                       0xd9a3 (size before relaxing)
 .debug_str     0x000000000006ac5d      0x225 Middlewares/Third_Party/FreeRTOS/Source/list.o
                                       0xa1b5 (size before relaxing)
 .debug_str     0x000000000006ae82      0x8fd Middlewares/Third_Party/FreeRTOS/Source/queue.o
                                       0xb978 (size before relaxing)
 .debug_str     0x000000000006b77f     0x12f3 Middlewares/Third_Party/FreeRTOS/Source/tasks.o
                                       0xc58e (size before relaxing)
 .debug_str     0x000000000006ca72      0x586 Middlewares/Third_Party/FreeRTOS/Source/timers.o
                                       0xbede (size before relaxing)
 .debug_str     0x000000000006cff8      0x488 Middlewares/Third_Party/FreeRTOS/Source/portable/GCC/ARM_CM0/port.o
                                       0x7ae3 (size before relaxing)
 .debug_str     0x000000000006d480      0x251 Middlewares/Third_Party/FreeRTOS/Source/portable/MemMang/heap_4.o
                                       0xa8b9 (size before relaxing)

.comment        0x0000000000000000       0x7b
 .comment       0x0000000000000000       0x7b Core/Src/main.o
                                         0x7c (size before relaxing)
 .comment       0x000000000000007b       0x7c Core/Src/stm32f0xx_hal_msp.o
 .comment       0x000000000000007b       0x7c Core/Src/stm32f0xx_hal_timebase_tim.o
 .comment       0x000000000000007b       0x7c Core/Src/stm32f0xx_it.o
 .comment       0x000000000000007b       0x7c Core/Src/system_stm32f0xx.o
 .comment       0x000000000000007b       0x7c Drivers/STM32F0xx_HAL_Driver/Src/stm32f0xx_hal.o
 .comment       0x000000000000007b       0x7c Drivers/STM32F0xx_HAL_Driver/Src/stm32f0xx_hal_cortex.o
 .comment       0x000000000000007b       0x7c Drivers/STM32F0xx_HAL_Driver/Src/stm32f0xx_hal_gpio.o
 .comment       0x000000000000007b       0x7c Drivers/STM32F0xx_HAL_Driver/Src/stm32f0xx_hal_rcc.o
 .comment       0x000000000000007b       0x7c Drivers/STM32F0xx_HAL_Driver/Src/stm32f0xx_hal_tim.o
 .comment       0x000000000000007b       0x7c Drivers/STM32F0xx_HAL_Driver/Src/stm32f0xx_hal_tim_ex.o
 .comment       0x000000000000007b       0x7c Libraries/ltto-ir/LTTO_IR_Conversions.o
 .comment       0x000000000000007b       0x7c Libraries/ltto-ir/LTTO_IR_RX.o
 .comment       0x000000000000007b       0x7c Libraries/ltto-ir/LTTO_IR_RX_AutoConvert.o
 .comment       0x000000000000007b       0x7c Middlewares/Third_Party/FreeRTOS/Source/CMSIS_RTOS_V2/cmsis_os2.o
 .comment       0x000000000000007b       0x7c Middlewares/Third_Party/FreeRTOS/Source/list.o
 .comment       0x000000000000007b       0x7c Middlewares/Third_Party/FreeRTOS/Source/queue.o
 .comment       0x000000000000007b       0x7c Middlewares/Third_Party/FreeRTOS/Source/tasks.o
 .comment       0x000000000000007b       0x7c Middlewares/Third_Party/FreeRTOS/Source/timers.o
 .comment       0x000000000000007b       0x7c Middlewares/Third_Party/FreeRTOS/Source/portable/GCC/ARM_CM0/port.o
 .comment       0x000000000000007b       0x7c Middlewares/Third_Party/FreeRTOS/Source/portable/MemMang/heap_4.o

.debug_frame    0x0000000000000000     0x3f4c
 .debug_frame   0x0000000000000000      0x168 Core/Src/main.o
 .debug_frame   0x0000000000000168       0xd0 Core/Src/stm32f0xx_hal_msp.o
 .debug_frame   0x0000000000000238       0x68 Core/Src/stm32f0xx_hal_timebase_tim.o
 .debug_frame   0x00000000000002a0       0x80 Core/Src/stm32f0xx_it.o
 .debug_frame   0x0000000000000320       0x4c Core/Src/system_stm32f0xx.o
 .debug_frame   0x000000000000036c      0x2a4 Drivers/STM32F0xx_HAL_Driver/Src/stm32f0xx_hal.o
 .debug_frame   0x0000000000000610      0x2a0 Drivers/STM32F0xx_HAL_Driver/Src/stm32f0xx_hal_cortex.o
 .debug_frame   0x00000000000008b0      0x110 Drivers/STM32F0xx_HAL_Driver/Src/stm32f0xx_hal_gpio.o
 .debug_frame   0x00000000000009c0      0x198 Drivers/STM32F0xx_HAL_Driver/Src/stm32f0xx_hal_rcc.o
 .debug_frame   0x0000000000000b58      0xef0 Drivers/STM32F0xx_HAL_Driver/Src/stm32f0xx_hal_tim.o
 .debug_frame   0x0000000000001a48      0x550 Drivers/STM32F0xx_HAL_Driver/Src/stm32f0xx_hal_tim_ex.o
 .debug_frame   0x0000000000001f98      0x210 Libraries/ltto-ir/LTTO_IR_Conversions.o
 .debug_frame   0x00000000000021a8       0x30 Libraries/ltto-ir/LTTO_IR_RX.o
 .debug_frame   0x00000000000021d8      0x100 Libraries/ltto-ir/LTTO_IR_RX_AutoConvert.o
 .debug_frame   0x00000000000022d8      0x84c Middlewares/Third_Party/FreeRTOS/Source/CMSIS_RTOS_V2/cmsis_os2.o
 .debug_frame   0x0000000000002b24       0xb0 Middlewares/Third_Party/FreeRTOS/Source/list.o
 .debug_frame   0x0000000000002bd4      0x510 Middlewares/Third_Party/FreeRTOS/Source/queue.o
 .debug_frame   0x00000000000030e4      0x77c Middlewares/Third_Party/FreeRTOS/Source/tasks.o
 .debug_frame   0x0000000000003860      0x32c Middlewares/Third_Party/FreeRTOS/Source/timers.o
 .debug_frame   0x0000000000003b8c      0x174 Middlewares/Third_Party/FreeRTOS/Source/portable/GCC/ARM_CM0/port.o
 .debug_frame   0x0000000000003d00       0xe4 Middlewares/Third_Party/FreeRTOS/Source/portable/MemMang/heap_4.o
 .debug_frame   0x0000000000003de4       0x2c c:/st/stm32cubeide_1.3.0/stm32cubeide/plugins/com.st.stm32cube.ide.mcu.externaltools.gnu-tools-for-stm32.7-2018-q2-update.win32_1.5.0.202011040924/tools/bin/../lib/gcc/arm-none-eabi/7.3.1/../../../../arm-none-eabi/lib/thumb/v6-m\libc_nano.a(lib_a-init.o)
 .debug_frame   0x0000000000003e10       0x28 c:/st/stm32cubeide_1.3.0/stm32cubeide/plugins/com.st.stm32cube.ide.mcu.externaltools.gnu-tools-for-stm32.7-2018-q2-update.win32_1.5.0.202011040924/tools/bin/../lib/gcc/arm-none-eabi/7.3.1/../../../../arm-none-eabi/lib/thumb/v6-m\libc_nano.a(lib_a-memcpy-stub.o)
 .debug_frame   0x0000000000003e38       0x20 c:/st/stm32cubeide_1.3.0/stm32cubeide/plugins/com.st.stm32cube.ide.mcu.externaltools.gnu-tools-for-stm32.7-2018-q2-update.win32_1.5.0.202011040924/tools/bin/../lib/gcc/arm-none-eabi/7.3.1/../../../../arm-none-eabi/lib/thumb/v6-m\libc_nano.a(lib_a-memset.o)
 .debug_frame   0x0000000000003e58       0x20 c:/st/stm32cubeide_1.3.0/stm32cubeide/plugins/com.st.stm32cube.ide.mcu.externaltools.gnu-tools-for-stm32.7-2018-q2-update.win32_1.5.0.202011040924/tools/bin/../lib/gcc/arm-none-eabi/7.3.1/thumb/v6-m\libgcc.a(_udivsi3.o)
 .debug_frame   0x0000000000003e78       0x38 c:/st/stm32cubeide_1.3.0/stm32cubeide/plugins/com.st.stm32cube.ide.mcu.externaltools.gnu-tools-for-stm32.7-2018-q2-update.win32_1.5.0.202011040924/tools/bin/../lib/gcc/arm-none-eabi/7.3.1/thumb/v6-m\libgcc.a(eqdf2.o)
 .debug_frame   0x0000000000003eb0       0x38 c:/st/stm32cubeide_1.3.0/stm32cubeide/plugins/com.st.stm32cube.ide.mcu.externaltools.gnu-tools-for-stm32.7-2018-q2-update.win32_1.5.0.202011040924/tools/bin/../lib/gcc/arm-none-eabi/7.3.1/thumb/v6-m\libgcc.a(gedf2.o)
 .debug_frame   0x0000000000003ee8       0x38 c:/st/stm32cubeide_1.3.0/stm32cubeide/plugins/com.st.stm32cube.ide.mcu.externaltools.gnu-tools-for-stm32.7-2018-q2-update.win32_1.5.0.202011040924/tools/bin/../lib/gcc/arm-none-eabi/7.3.1/thumb/v6-m\libgcc.a(ledf2.o)
 .debug_frame   0x0000000000003f20       0x2c c:/st/stm32cubeide_1.3.0/stm32cubeide/plugins/com.st.stm32cube.ide.mcu.externaltools.gnu-tools-for-stm32.7-2018-q2-update.win32_1.5.0.202011040924/tools/bin/../lib/gcc/arm-none-eabi/7.3.1/thumb/v6-m\libgcc.a(floatsidf.o)
